/home/viktor/Documents/GitHub/Akai-Midi-controller-sequencer/Core/Inc/variables.h:66:9:countSetBits	0	static
/home/viktor/Documents/GitHub/Akai-Midi-controller-sequencer/Core/Inc/midi.h:8:9:pattern_scale_process	20	static
/home/viktor/Documents/GitHub/Akai-Midi-controller-sequencer/Core/Inc/midi.h:57:6:USB_send	640	static
/home/viktor/Documents/GitHub/Akai-Midi-controller-sequencer/Core/Inc/midi.h:134:6:cdc_send	560	static
/home/viktor/Documents/GitHub/Akai-Midi-controller-sequencer/Core/Inc/midi.h:466:6:nrpn_send	0	static
/home/viktor/Documents/GitHub/Akai-Midi-controller-sequencer/Core/Inc/midi.h:521:6:loop_lfo	72	static
/home/viktor/Documents/GitHub/Akai-Midi-controller-sequencer/Core/Inc/midi.h:549:6:midi_send_control	0	static
/home/viktor/Documents/GitHub/Akai-Midi-controller-sequencer/Core/Inc/midi.h:558:6:midi_extras	16	static
/home/viktor/Documents/GitHub/Akai-Midi-controller-sequencer/Core/Inc/midi.h:600:6:LFO_tracking	20	static
/home/viktor/Documents/GitHub/Akai-Midi-controller-sequencer/Core/Inc/midi.h:635:6:seq_play_record	24	static
/home/viktor/Documents/GitHub/Akai-Midi-controller-sequencer/Core/Inc/midi.h:659:6:cdc_send2	296	static
/home/viktor/Documents/GitHub/Akai-Midi-controller-sequencer/Core/Inc/fx.h:12:6:fx_menu	8	static
/home/viktor/Documents/GitHub/Akai-Midi-controller-sequencer/Core/Inc/fx.h:56:6:fx_cc_send	8	static
/home/viktor/Documents/GitHub/Akai-Midi-controller-sequencer/Core/Inc/fx.h:75:6:fx_map_screen	24	static
/home/viktor/Documents/GitHub/Akai-Midi-controller-sequencer/Core/Inc/fx.h:154:6:fx_map_tracker	20	static
/home/viktor/Documents/GitHub/Akai-Midi-controller-sequencer/Core/Inc/notes.h:8:6:bar_map_screen	24	static
/home/viktor/Documents/GitHub/Akai-Midi-controller-sequencer/Core/Inc/notes.h:127:6:bar_map_tracker	20	static
/home/viktor/Documents/GitHub/Akai-Midi-controller-sequencer/Core/Inc/notes.h:153:6:all_notes_off	64	static
/home/viktor/Documents/GitHub/Akai-Midi-controller-sequencer/Core/Inc/notes.h:167:6:alt_pots_playing	0	static
/home/viktor/Documents/GitHub/Akai-Midi-controller-sequencer/Core/Inc/notes.h:182:6:record_overdub	20	static
/home/viktor/Documents/GitHub/Akai-Midi-controller-sequencer/Core/Inc/notes.h:203:6:top_bar	0	static
/home/viktor/Documents/GitHub/Akai-Midi-controller-sequencer/Core/Inc/notes.h:213:6:step_recording	16	static
/home/viktor/Documents/GitHub/Akai-Midi-controller-sequencer/Core/Inc/notes.h:225:6:midi_cue_fill	8	static
/home/viktor/Documents/GitHub/Akai-Midi-controller-sequencer/Core/Inc/notes.h:244:6:play_muting	0	static
/home/viktor/Documents/GitHub/Akai-Midi-controller-sequencer/Core/Inc/notes.h:248:6:patch_screen	8	static
/home/viktor/Documents/GitHub/Akai-Midi-controller-sequencer/Core/Inc/notes.h:258:6:loop_screen	0	static
/home/viktor/Documents/GitHub/Akai-Midi-controller-sequencer/Core/Inc/notes.h:642:6:note_replace	0	static
/home/viktor/Documents/GitHub/Akai-Midi-controller-sequencer/Core/Inc/notes.h:662:6:pattern_settings	16	static
/home/viktor/Documents/GitHub/Akai-Midi-controller-sequencer/Core/Inc/notes.h:726:6:pitch_mode	24	static
/home/viktor/Documents/GitHub/Akai-Midi-controller-sequencer/Core/Inc/notes.h:264:6:note_buttons	8	static
/home/viktor/Documents/GitHub/Akai-Midi-controller-sequencer/Core/Inc/notes.h:281:6:buttons_store	80	static
/home/viktor/Documents/GitHub/Akai-Midi-controller-sequencer/Core/Inc/notes.h:714:6:shift_hold_function	8	static
/home/viktor/Documents/GitHub/Akai-Midi-controller-sequencer/Core/Inc/lcd.h:25:7:lcd_start	16	static
/home/viktor/Documents/GitHub/Akai-Midi-controller-sequencer/Core/Inc/lcd.h:57:8:lcd_print	16	static
/home/viktor/Documents/GitHub/Akai-Midi-controller-sequencer/Core/Inc/lcd.h:93:6:lcd_mem	24	static
/home/viktor/Documents/GitHub/Akai-Midi-controller-sequencer/Core/Inc/lcd.h:117:6:lcd_menu_vars	40	static
/home/viktor/Documents/GitHub/Akai-Midi-controller-sequencer/Core/Inc/lcd.h:191:6:lcd_message	24	static
/home/viktor/Documents/GitHub/Akai-Midi-controller-sequencer/Core/Inc/lcd.h:220:6:lcd_menu_pages	8	static
/home/viktor/Documents/GitHub/Akai-Midi-controller-sequencer/Core/Inc/lcd.h:240:6:led_full_clear	0	static
/home/viktor/Documents/GitHub/Akai-Midi-controller-sequencer/Core/Inc/flash.h:1:6:read_busy	40	static
/home/viktor/Documents/GitHub/Akai-Midi-controller-sequencer/Core/Inc/flash.h:16:6:flash_page_write	288	static
/home/viktor/Documents/GitHub/Akai-Midi-controller-sequencer/Core/Inc/flash.h:47:6:settings_storage	416	static
/home/viktor/Documents/GitHub/Akai-Midi-controller-sequencer/Core/Inc/flash.h:80:6:flash_write.part.0	296	static
/home/viktor/Documents/GitHub/Akai-Midi-controller-sequencer/Core/Inc/flash.h:80:6:flash_write	0	static
/home/viktor/Documents/GitHub/Akai-Midi-controller-sequencer/Core/Inc/flash.h:168:6:flash_read	8240	static
../Core/Src/main.c:557:6:SystemClock_Config	88	static,ignoring_inline_asm
../Core/Src/main.c:154:5:main	152	static,ignoring_inline_asm
../Core/Src/main.c:852:7:HAL_UART_RxCpltCallback	0	static
../Core/Src/main.c:880:7:HAL_TIM_PeriodElapsedCallback	8	static
../Core/Src/main.c:897:7:HAL_SPI_TxRxCpltCallback	8	static
../Core/Src/main.c:927:7:stop_start	8	static
../Core/Src/main.c:933:7:USB_CDC_RxHandler	0	static
../Core/Src/main.c:949:6:Error_Handler	0	static,ignoring_inline_asm
