Archive member included to satisfy reference by file (symbol)

/opt/st/stm32cubeide_1.19.0/plugins/com.st.stm32cube.ide.mcu.externaltools.gnu-tools-for-stm32.13.3.rel1.linux64_1.0.0.202410170706/tools/bin/../lib/gcc/arm-none-eabi/13.3.1/../../../../arm-none-eabi/lib/thumb/v7e-m+fp/hard/libc_nano.a(libc_a-exit.o)
                              /opt/st/stm32cubeide_1.19.0/plugins/com.st.stm32cube.ide.mcu.externaltools.gnu-tools-for-stm32.13.3.rel1.linux64_1.0.0.202410170706/tools/bin/../lib/gcc/arm-none-eabi/13.3.1/../../../../arm-none-eabi/lib/thumb/v7e-m+fp/hard/crt0.o (exit)
/opt/st/stm32cubeide_1.19.0/plugins/com.st.stm32cube.ide.mcu.externaltools.gnu-tools-for-stm32.13.3.rel1.linux64_1.0.0.202410170706/tools/bin/../lib/gcc/arm-none-eabi/13.3.1/../../../../arm-none-eabi/lib/thumb/v7e-m+fp/hard/libc_nano.a(libc_a-rand.o)
                              ./Core/Src/main.o (rand)
/opt/st/stm32cubeide_1.19.0/plugins/com.st.stm32cube.ide.mcu.externaltools.gnu-tools-for-stm32.13.3.rel1.linux64_1.0.0.202410170706/tools/bin/../lib/gcc/arm-none-eabi/13.3.1/../../../../arm-none-eabi/lib/thumb/v7e-m+fp/hard/libc_nano.a(libc_a-findfp.o)
                              /opt/st/stm32cubeide_1.19.0/plugins/com.st.stm32cube.ide.mcu.externaltools.gnu-tools-for-stm32.13.3.rel1.linux64_1.0.0.202410170706/tools/bin/../lib/gcc/arm-none-eabi/13.3.1/../../../../arm-none-eabi/lib/thumb/v7e-m+fp/hard/libc_nano.a(libc_a-exit.o) (__stdio_exit_handler)
/opt/st/stm32cubeide_1.19.0/plugins/com.st.stm32cube.ide.mcu.externaltools.gnu-tools-for-stm32.13.3.rel1.linux64_1.0.0.202410170706/tools/bin/../lib/gcc/arm-none-eabi/13.3.1/../../../../arm-none-eabi/lib/thumb/v7e-m+fp/hard/libc_nano.a(libc_a-fwalk.o)
                              /opt/st/stm32cubeide_1.19.0/plugins/com.st.stm32cube.ide.mcu.externaltools.gnu-tools-for-stm32.13.3.rel1.linux64_1.0.0.202410170706/tools/bin/../lib/gcc/arm-none-eabi/13.3.1/../../../../arm-none-eabi/lib/thumb/v7e-m+fp/hard/libc_nano.a(libc_a-findfp.o) (_fwalk_sglue)
/opt/st/stm32cubeide_1.19.0/plugins/com.st.stm32cube.ide.mcu.externaltools.gnu-tools-for-stm32.13.3.rel1.linux64_1.0.0.202410170706/tools/bin/../lib/gcc/arm-none-eabi/13.3.1/../../../../arm-none-eabi/lib/thumb/v7e-m+fp/hard/libc_nano.a(libc_a-printf.o)
                              ./Core/Src/main.o (printf)
/opt/st/stm32cubeide_1.19.0/plugins/com.st.stm32cube.ide.mcu.externaltools.gnu-tools-for-stm32.13.3.rel1.linux64_1.0.0.202410170706/tools/bin/../lib/gcc/arm-none-eabi/13.3.1/../../../../arm-none-eabi/lib/thumb/v7e-m+fp/hard/libc_nano.a(libc_a-puts.o)
                              ./Core/Src/main.o (puts)
/opt/st/stm32cubeide_1.19.0/plugins/com.st.stm32cube.ide.mcu.externaltools.gnu-tools-for-stm32.13.3.rel1.linux64_1.0.0.202410170706/tools/bin/../lib/gcc/arm-none-eabi/13.3.1/../../../../arm-none-eabi/lib/thumb/v7e-m+fp/hard/libc_nano.a(libc_a-sprintf.o)
                              ./Core/Src/main.o (sprintf)
/opt/st/stm32cubeide_1.19.0/plugins/com.st.stm32cube.ide.mcu.externaltools.gnu-tools-for-stm32.13.3.rel1.linux64_1.0.0.202410170706/tools/bin/../lib/gcc/arm-none-eabi/13.3.1/../../../../arm-none-eabi/lib/thumb/v7e-m+fp/hard/libc_nano.a(libc_a-stdio.o)
                              /opt/st/stm32cubeide_1.19.0/plugins/com.st.stm32cube.ide.mcu.externaltools.gnu-tools-for-stm32.13.3.rel1.linux64_1.0.0.202410170706/tools/bin/../lib/gcc/arm-none-eabi/13.3.1/../../../../arm-none-eabi/lib/thumb/v7e-m+fp/hard/libc_nano.a(libc_a-findfp.o) (__sread)
/opt/st/stm32cubeide_1.19.0/plugins/com.st.stm32cube.ide.mcu.externaltools.gnu-tools-for-stm32.13.3.rel1.linux64_1.0.0.202410170706/tools/bin/../lib/gcc/arm-none-eabi/13.3.1/../../../../arm-none-eabi/lib/thumb/v7e-m+fp/hard/libc_nano.a(libc_a-wbuf.o)
                              /opt/st/stm32cubeide_1.19.0/plugins/com.st.stm32cube.ide.mcu.externaltools.gnu-tools-for-stm32.13.3.rel1.linux64_1.0.0.202410170706/tools/bin/../lib/gcc/arm-none-eabi/13.3.1/../../../../arm-none-eabi/lib/thumb/v7e-m+fp/hard/libc_nano.a(libc_a-puts.o) (__swbuf_r)
/opt/st/stm32cubeide_1.19.0/plugins/com.st.stm32cube.ide.mcu.externaltools.gnu-tools-for-stm32.13.3.rel1.linux64_1.0.0.202410170706/tools/bin/../lib/gcc/arm-none-eabi/13.3.1/../../../../arm-none-eabi/lib/thumb/v7e-m+fp/hard/libc_nano.a(libc_a-wsetup.o)
                              /opt/st/stm32cubeide_1.19.0/plugins/com.st.stm32cube.ide.mcu.externaltools.gnu-tools-for-stm32.13.3.rel1.linux64_1.0.0.202410170706/tools/bin/../lib/gcc/arm-none-eabi/13.3.1/../../../../arm-none-eabi/lib/thumb/v7e-m+fp/hard/libc_nano.a(libc_a-puts.o) (__swsetup_r)
/opt/st/stm32cubeide_1.19.0/plugins/com.st.stm32cube.ide.mcu.externaltools.gnu-tools-for-stm32.13.3.rel1.linux64_1.0.0.202410170706/tools/bin/../lib/gcc/arm-none-eabi/13.3.1/../../../../arm-none-eabi/lib/thumb/v7e-m+fp/hard/libc_nano.a(libc_a-memset.o)
[...]
Memory Configuration

Name             Origin             Length             Attributes
RAM              0x20000000         0x00020000         xrw
FLASH            0x08000000         0x00080000         xr
*default*        0x00000000         0xffffffff

Linker script and memory map

LOAD /opt/st/stm32cubeide_1.19.0/plugins/com.st.stm32cube.ide.mcu.externaltools.gnu-tools-for-stm32.13.3.rel1.linux64_1.0.0.202410170706/tools/bin/../lib/gcc/arm-none-eabi/13.3.1/thumb/v7e-m+fp/hard/crti.o
LOAD /opt/st/stm32cubeide_1.19.0/plugins/com.st.stm32cube.ide.mcu.externaltools.gnu-tools-for-stm32.13.3.rel1.linux64_1.0.0.202410170706/tools/bin/../lib/gcc/arm-none-eabi/13.3.1/thumb/v7e-m+fp/hard/crtbegin.o
LOAD /opt/st/stm32cubeide_1.19.0/plugins/com.st.stm32cube.ide.mcu.externaltools.gnu-tools-for-stm32.13.3.rel1.linux64_1.0.0.202410170706/tools/bin/../lib/gcc/arm-none-eabi/13.3.1/../../../../arm-none-eabi/lib/thumb/v7e-m+fp/hard/crt0.o
LOAD ./Core/Src/fx.o
LOAD ./Core/Src/main.o
LOAD ./Core/Src/notes.o
LOAD ./Core/Src/stm32f4xx_hal_msp.o
LOAD ./Core/Src/stm32f4xx_it.o
LOAD ./Core/Src/syscalls.o
LOAD ./Core/Src/sysmem.o
LOAD ./Core/Src/system_stm32f4xx.o
LOAD ./Core/Startup/startup_stm32f411ceux.o
LOAD ./Drivers/STM32F4xx_HAL_Driver/Src/stm32f4xx_hal.o
LOAD ./Drivers/STM32F4xx_HAL_Driver/Src/stm32f4xx_hal_cortex.o
LOAD ./Drivers/STM32F4xx_HAL_Driver/Src/stm32f4xx_hal_dma.o
LOAD ./Drivers/STM32F4xx_HAL_Driver/Src/stm32f4xx_hal_dma_ex.o
LOAD ./Drivers/STM32F4xx_HAL_Driver/Src/stm32f4xx_hal_exti.o
LOAD ./Drivers/STM32F4xx_HAL_Driver/Src/stm32f4xx_hal_flash.o
LOAD ./Drivers/STM32F4xx_HAL_Driver/Src/stm32f4xx_hal_flash_ex.o
LOAD ./Drivers/STM32F4xx_HAL_Driver/Src/stm32f4xx_hal_flash_ramfunc.o
LOAD ./Drivers/STM32F4xx_HAL_Driver/Src/stm32f4xx_hal_gpio.o
LOAD ./Drivers/STM32F4xx_HAL_Driver/Src/stm32f4xx_hal_i2c.o
LOAD ./Drivers/STM32F4xx_HAL_Driver/Src/stm32f4xx_hal_i2c_ex.o
LOAD ./Drivers/STM32F4xx_HAL_Driver/Src/stm32f4xx_hal_pcd.o
LOAD ./Drivers/STM32F4xx_HAL_Driver/Src/stm32f4xx_hal_pcd_ex.o
LOAD ./Drivers/STM32F4xx_HAL_Driver/Src/stm32f4xx_hal_pwr.o
LOAD ./Drivers/STM32F4xx_HAL_Driver/Src/stm32f4xx_hal_pwr_ex.o
LOAD ./Drivers/STM32F4xx_HAL_Driver/Src/stm32f4xx_hal_rcc.o
LOAD ./Drivers/STM32F4xx_HAL_Driver/Src/stm32f4xx_hal_rcc_ex.o
LOAD ./Drivers/STM32F4xx_HAL_Driver/Src/stm32f4xx_hal_rtc.o
LOAD ./Drivers/STM32F4xx_HAL_Driver/Src/stm32f4xx_hal_rtc_ex.o
LOAD ./Drivers/STM32F4xx_HAL_Driver/Src/stm32f4xx_hal_spi.o
LOAD ./Drivers/STM32F4xx_HAL_Driver/Src/stm32f4xx_hal_tim.o
LOAD ./Drivers/STM32F4xx_HAL_Driver/Src/stm32f4xx_hal_tim_ex.o
LOAD ./Drivers/STM32F4xx_HAL_Driver/Src/stm32f4xx_hal_uart.o
LOAD ./Drivers/STM32F4xx_HAL_Driver/Src/stm32f4xx_ll_usb.o
LOAD ./Middlewares/ST/STM32_USB_Device_Library/Class/CDC/Src/usbd_cdc.o
LOAD ./Middlewares/ST/STM32_USB_Device_Library/Core/Src/usbd_core.o
LOAD ./Middlewares/ST/STM32_USB_Device_Library/Core/Src/usbd_ctlreq.o
LOAD ./Middlewares/ST/STM32_USB_Device_Library/Core/Src/usbd_ioreq.o
LOAD ./USB_DEVICE/App/usb_device.o
LOAD ./USB_DEVICE/App/usbd_cdc_if.o
LOAD ./USB_DEVICE/App/usbd_desc.o
LOAD ./USB_DEVICE/Target/usbd_conf.o
START GROUP
LOAD /opt/st/stm32cubeide_1.19.0/plugins/com.st.stm32cube.ide.mcu.externaltools.gnu-tools-for-stm32.13.3.rel1.linux64_1.0.0.202410170706/tools/bin/../lib/gcc/arm-none-eabi/13.3.1/../../../../arm-none-eabi/lib/thumb/v7e-m+fp/hard/libc_nano.a
LOAD /opt/st/stm32cubeide_1.19.0/plugins/com.st.stm32cube.ide.mcu.externaltools.gnu-tools-for-stm32.13.3.rel1.linux64_1.0.0.202410170706/tools/bin/../lib/gcc/arm-none-eabi/13.3.1/../../../../arm-none-eabi/lib/thumb/v7e-m+fp/hard/libm.a
END GROUP
START GROUP
LOAD /opt/st/stm32cubeide_1.19.0/plugins/com.st.stm32cube.ide.mcu.externaltools.gnu-tools-for-stm32.13.3.rel1.linux64_1.0.0.202410170706/tools/bin/../lib/gcc/arm-none-eabi/13.3.1/thumb/v7e-m+fp/hard/libgcc.a
LOAD /opt/st/stm32cubeide_1.19.0/plugins/com.st.stm32cube.ide.mcu.externaltools.gnu-tools-for-stm32.13.3.rel1.linux64_1.0.0.202410170706/tools/bin/../lib/gcc/arm-none-eabi/13.3.1/../../../../arm-none-eabi/lib/thumb/v7e-m+fp/hard/libc_nano.a
END GROUP
START GROUP
LOAD /opt/st/stm32cubeide_1.19.0/plugins/com.st.stm32cube.ide.mcu.externaltools.gnu-tools-for-stm32.13.3.rel1.linux64_1.0.0.202410170706/tools/bin/../lib/gcc/arm-none-eabi/13.3.1/thumb/v7e-m+fp/hard/libgcc.a
LOAD /opt/st/stm32cubeide_1.19.0/plugins/com.st.stm32cube.ide.mcu.externaltools.gnu-tools-for-stm32.13.3.rel1.linux64_1.0.0.202410170706/tools/bin/../lib/gcc/arm-none-eabi/13.3.1/../../../../arm-none-eabi/lib/thumb/v7e-m+fp/hard/libc_nano.a
LOAD /opt/st/stm32cubeide_1.19.0/plugins/com.st.stm32cube.ide.mcu.externaltools.gnu-tools-for-stm32.13.3.rel1.linux64_1.0.0.202410170706/tools/bin/../lib/gcc/arm-none-eabi/13.3.1/../../../../arm-none-eabi/lib/thumb/v7e-m+fp/hard/libnosys.a
END GROUP
START GROUP
LOAD /opt/st/stm32cubeide_1.19.0/plugins/com.st.stm32cube.ide.mcu.externaltools.gnu-tools-for-stm32.13.3.rel1.linux64_1.0.0.202410170706/tools/bin/../lib/gcc/arm-none-eabi/13.3.1/thumb/v7e-m+fp/hard/libgcc.a
LOAD /opt/st/stm32cubeide_1.19.0/plugins/com.st.stm32cube.ide.mcu.externaltools.gnu-tools-for-stm32.13.3.rel1.linux64_1.0.0.202410170706/tools/bin/../lib/gcc/arm-none-eabi/13.3.1/../../../../arm-none-eabi/lib/thumb/v7e-m+fp/hard/libc_nano.a
LOAD /opt/st/stm32cubeide_1.19.0/plugins/com.st.stm32cube.ide.mcu.externaltools.gnu-tools-for-stm32.13.3.rel1.linux64_1.0.0.202410170706/tools/bin/../lib/gcc/arm-none-eabi/13.3.1/../../../../arm-none-eabi/lib/thumb/v7e-m+fp/hard/libnosys.a
END GROUP
LOAD /opt/st/stm32cubeide_1.19.0/plugins/com.st.stm32cube.ide.mcu.externaltools.gnu-tools-for-stm32.13.3.rel1.linux64_1.0.0.202410170706/tools/bin/../lib/gcc/arm-none-eabi/13.3.1/thumb/v7e-m+fp/hard/crtend.o
LOAD /opt/st/stm32cubeide_1.19.0/plugins/com.st.stm32cube.ide.mcu.externaltools.gnu-tools-for-stm32.13.3.rel1.linux64_1.0.0.202410170706/tools/bin/../lib/gcc/arm-none-eabi/13.3.1/thumb/v7e-m+fp/hard/crtn.o
                0x20020000                        _estack = (ORIGIN (RAM) + LENGTH (RAM))
                0x00000200                        _Min_Heap_Size = 0x200
                0x00000400                        _Min_Stack_Size = 0x400

.isr_vector     0x08000000      0x198
                0x08000000                        . = ALIGN (0x4)
 *(.isr_vector)
 .isr_vector    0x08000000      0x198 ./Core/Startup/startup_stm32f411ceux.o
                0x08000000                g_pfnVectors
                0x08000198                        . = ALIGN (0x4)

.text           0x080001a0     0x9ea4
                0x080001a0                        . = ALIGN (0x4)
 *(.text)
 .text          0x080001a0       0x40 /opt/st/stm32cubeide_1.19.0/plugins/com.st.stm32cube.ide.mcu.externaltools.gnu-tools-for-stm32.13.3.rel1.linux64_1.0.0.202410170706/tools/bin/../lib/gcc/arm-none-eabi/13.3.1/thumb/v7e-m+fp/hard/crtbegin.o
 .text          0x080001e0       0x10 /opt/st/stm32cubeide_1.19.0/plugins/com.st.stm32cube.ide.mcu.externaltools.gnu-tools-for-stm32.13.3.rel1.linux64_1.0.0.202410170706/tools/bin/../lib/gcc/arm-none-eabi/13.3.1/../../../../arm-none-eabi/lib/thumb/v7e-m+fp/hard/libc_nano.a(libc_a-strlen.o)
                0x080001e0                strlen
 .text          0x080001f0       0xa0 /opt/st/stm32cubeide_1.19.0/plugins/com.st.stm32cube.ide.mcu.externaltools.gnu-tools-for-stm32.13.3.rel1.linux64_1.0.0.202410170706/tools/bin/../lib/gcc/arm-none-eabi/13.3.1/../../../../arm-none-eabi/lib/thumb/v7e-m+fp/hard/libc_nano.a(libc_a-memchr.o)
                0x080001f0                memchr
 .text          0x08000290      0x378 /opt/st/stm32cubeide_1.19.0/plugins/com.st.stm32cube.ide.mcu.externaltools.gnu-tools-for-stm32.13.3.rel1.linux64_1.0.0.202410170706/tools/bin/../lib/gcc/arm-none-eabi/13.3.1/thumb/v7e-m+fp/hard/libgcc.a(_arm_addsubdf3.o)
                0x08000290                __aeabi_drsub
                0x08000298                __aeabi_dsub
                0x08000298                __subdf3
                0x0800029c                __adddf3
                0x0800029c                __aeabi_dadd
                0x08000514                __aeabi_ui2d
                0x08000514                __floatunsidf
                0x08000534                __floatsidf
                0x08000534                __aeabi_i2d
                0x08000558                __extendsfdf2
                0x08000558                __aeabi_f2d
                0x0800059c                __aeabi_ul2d
                0x0800059c                __floatundidf
                0x080005ac                __floatdidf
                0x080005ac                __aeabi_l2d
 .text          0x08000608      0x424 /opt/st/stm32cubeide_1.19.0/plugins/com.st.stm32cube.ide.mcu.externaltools.gnu-tools-for-stm32.13.3.rel1.linux64_1.0.0.202410170706/tools/bin/../lib/gcc/arm-none-eabi/13.3.1/thumb/v7e-m+fp/hard/libgcc.a(_arm_muldivdf3.o)
                0x08000608                __aeabi_dmul
                0x08000608                __muldf3
                0x0800085c                __aeabi_ddiv
                0x0800085c                __divdf3
 .text          0x08000a2c       0xa0 /opt/st/stm32cubeide_1.19.0/plugins/com.st.stm32cube.ide.mcu.externaltools.gnu-tools-for-stm32.13.3.rel1.linux64_1.0.0.202410170706/tools/bin/../lib/gcc/arm-none-eabi/13.3.1/thumb/v7e-m+fp/hard/libgcc.a(_arm_truncdfsf2.o)
                0x08000a2c                __aeabi_d2f
                0x08000a2c                __truncdfsf2
 .text          0x08000acc       0x30 /opt/st/stm32cubeide_1.19.0/plugins/com.st.stm32cube.ide.mcu.externaltools.gnu-tools-for-stm32.13.3.rel1.linux64_1.0.0.202410170706/tools/bin/../lib/gcc/arm-none-eabi/13.3.1/thumb/v7e-m+fp/hard/libgcc.a(_aeabi_uldivmod.o)
                0x08000acc                __aeabi_uldivmod
 .text          0x08000afc      0x2f8 /opt/st/stm32cubeide_1.19.0/plugins/com.st.stm32cube.ide.mcu.externaltools.gnu-tools-for-stm32.13.3.rel1.linux64_1.0.0.202410170706/tools/bin/../lib/gcc/arm-none-eabi/13.3.1/thumb/v7e-m+fp/hard/libgcc.a(_udivmoddi4.o)
                0x08000afc                __udivmoddi4
 .text          0x08000df4        0x4 /opt/st/stm32cubeide_1.19.0/plugins/com.st.stm32cube.ide.mcu.externaltools.gnu-tools-for-stm32.13.3.rel1.linux64_1.0.0.202410170706/tools/bin/../lib/gcc/arm-none-eabi/13.3.1/thumb/v7e-m+fp/hard/libgcc.a(_dvmd_tls.o)
                0x08000df4                __aeabi_ldiv0
                0x08000df4                __aeabi_idiv0
 *(.text*)
 .text.countSetBits
                0x08000df8       0x14 ./Core/Src/main.o
                0x08000df8                countSetBits
 .text.USB_send
                0x08000e0c      0x1c8 ./Core/Src/main.o
                0x08000e0c                USB_send
 .text.loop_lfo
                0x08000fd4       0xc4 ./Core/Src/main.o
                0x08000fd4                loop_lfo
 .text.midi_extras
                0x08001098       0x7c ./Core/Src/main.o
                0x08001098                midi_extras
 .text.LFO_tracking
                0x08001114       0x80 ./Core/Src/main.o
                0x08001114                LFO_tracking
 .text.seq_play_record
                0x08001194       0x88 ./Core/Src/main.o
                0x08001194                seq_play_record
 .text.cdc_send2
                0x0800121c       0xe0 ./Core/Src/main.o
                0x0800121c                cdc_send2
 .text.fx_menu  0x080012fc       0x2c ./Core/Src/main.o
                0x080012fc                fx_menu
 .text.fx_cc_send
                0x08001328       0x5c ./Core/Src/main.o
                0x08001328                fx_cc_send
 .text.fx_map_screen
                0x08001384      0x124 ./Core/Src/main.o
                0x08001384                fx_map_screen
 .text.fx_map_tracker
                0x080014a8       0x8c ./Core/Src/main.o
                0x080014a8                fx_map_tracker
 .text.bar_map_screen
                0x08001534      0x20c ./Core/Src/main.o
                0x08001534                bar_map_screen
 .text.bar_map_tracker
                0x08001740       0xa0 ./Core/Src/main.o
                0x08001740                bar_map_tracker
 .text.all_notes_off
                0x080017e0       0x68 ./Core/Src/main.o
                0x080017e0                all_notes_off
 .text.patch_screen
                0x08001848       0x40 ./Core/Src/main.o
                0x08001848                patch_screen
 .text.pattern_settings
                0x08001888       0x80 ./Core/Src/main.o
                0x08001888                pattern_settings
 .text.pitch_mode
                0x08001908      0x128 ./Core/Src/main.o
                0x08001908                pitch_mode
 .text.note_buttons
                0x08001a30       0x6c ./Core/Src/main.o
                0x08001a30                note_buttons
 .text.buttons_store
                0x08001a9c      0x788 ./Core/Src/main.o
                0x08001a9c                buttons_store
 .text.shift_hold_function
                0x08002224       0x58 ./Core/Src/main.o
                0x08002224                shift_hold_function
 .text.lcd_start
                0x0800227c       0xd0 ./Core/Src/main.o
                0x0800227c                lcd_start
 .text.lcd_print
                0x0800234c       0x5c ./Core/Src/main.o
                0x0800234c                lcd_print
 .text.lcd_mem  0x080023a8       0x70 ./Core/Src/main.o
                0x080023a8                lcd_mem
 .text.lcd_menu_vars
                0x08002418      0x214 ./Core/Src/main.o
                0x08002418                lcd_menu_vars
 .text.lcd_menu_pages
                0x0800262c       0x64 ./Core/Src/main.o
                0x0800262c                lcd_menu_pages
 .text.read_busy
                0x08002690       0x60 ./Core/Src/main.o
                0x08002690                read_busy
 .text.flash_page_write
                0x080026f0       0xbc ./Core/Src/main.o
                0x080026f0                flash_page_write
 .text.settings_storage
                0x080027ac       0xd4 ./Core/Src/main.o
                0x080027ac                settings_storage
 .text.flash_write.part.0
                0x08002880      0x19c ./Core/Src/main.o
 .text.flash_write
                0x08002a1c       0x2c ./Core/Src/main.o
                0x08002a1c                flash_write
 .text.flash_read
                0x08002a48      0x2b8 ./Core/Src/main.o
                0x08002a48                flash_read
 .text.SystemClock_Config
                0x08002d00       0xa0 ./Core/Src/main.o
                0x08002d00                SystemClock_Config
 .text.startup.main
                0x08002da0      0x80c ./Core/Src/main.o
                0x08002da0                main
 .text.HAL_TIM_PeriodElapsedCallback
                0x080035ac       0x74 ./Core/Src/main.o
                0x080035ac                HAL_TIM_PeriodElapsedCallback
 .text.USB_CDC_RxHandler
                0x08003620       0x10 ./Core/Src/main.o
                0x08003620                USB_CDC_RxHandler
 .text.Error_Handler
                0x08003630        0x4 ./Core/Src/main.o
                0x08003630                Error_Handler
 .text.HAL_MspInit
                0x08003634       0x38 ./Core/Src/stm32f4xx_hal_msp.o
                0x08003634                HAL_MspInit
 .text.HAL_I2C_MspInit
                0x0800366c       0x90 ./Core/Src/stm32f4xx_hal_msp.o
                0x0800366c                HAL_I2C_MspInit
 .text.HAL_RTC_MspInit
                0x080036fc       0x44 ./Core/Src/stm32f4xx_hal_msp.o
                0x080036fc                HAL_RTC_MspInit
 .text.HAL_SPI_MspInit
                0x08003740       0xe8 ./Core/Src/stm32f4xx_hal_msp.o
                0x08003740                HAL_SPI_MspInit
 .text.HAL_TIM_Base_MspInit
                0x08003828       0x3e ./Core/Src/stm32f4xx_hal_msp.o
                0x08003828                HAL_TIM_Base_MspInit
 *fill*         0x08003866        0x2 
 .text.HAL_UART_MspInit
                0x08003868       0x88 ./Core/Src/stm32f4xx_hal_msp.o
                0x08003868                HAL_UART_MspInit
 .text.NMI_Handler
                0x080038f0        0x2 ./Core/Src/stm32f4xx_it.o
                0x080038f0                NMI_Handler
 *fill*         0x080038f2        0x2 
 .text.HardFault_Handler
                0x080038f4       0x24 ./Core/Src/stm32f4xx_it.o
                0x080038f4                HardFault_Handler
 .text.MemManage_Handler
                0x08003918        0x2 ./Core/Src/stm32f4xx_it.o
                0x08003918                MemManage_Handler
 .text.BusFault_Handler
                0x0800391a        0x2 ./Core/Src/stm32f4xx_it.o
                0x0800391a                BusFault_Handler
 .text.UsageFault_Handler
                0x0800391c        0x2 ./Core/Src/stm32f4xx_it.o
                0x0800391c                UsageFault_Handler
 .text.SVC_Handler
                0x0800391e        0x2 ./Core/Src/stm32f4xx_it.o
                0x0800391e                SVC_Handler
 .text.DebugMon_Handler
                0x08003920        0x2 ./Core/Src/stm32f4xx_it.o
                0x08003920                DebugMon_Handler
 .text.PendSV_Handler
                0x08003922        0x2 ./Core/Src/stm32f4xx_it.o
                0x08003922                PendSV_Handler
 .text.SysTick_Handler
                0x08003924        0x4 ./Core/Src/stm32f4xx_it.o
                0x08003924                SysTick_Handler
 .text.TIM2_IRQHandler
                0x08003928        0xc ./Core/Src/stm32f4xx_it.o
                0x08003928                TIM2_IRQHandler
 .text.I2C1_EV_IRQHandler
                0x08003934        0xc ./Core/Src/stm32f4xx_it.o
                0x08003934                I2C1_EV_IRQHandler
 .text.I2C1_ER_IRQHandler
                0x08003940        0xc ./Core/Src/stm32f4xx_it.o
                0x08003940                I2C1_ER_IRQHandler
 .text.DMA2_Stream0_IRQHandler
                0x0800394c        0xc ./Core/Src/stm32f4xx_it.o
                0x0800394c                DMA2_Stream0_IRQHandler
 .text.DMA2_Stream2_IRQHandler
                0x08003958        0xc ./Core/Src/stm32f4xx_it.o
                0x08003958                DMA2_Stream2_IRQHandler
 .text.OTG_FS_IRQHandler
                0x08003964        0xc ./Core/Src/stm32f4xx_it.o
                0x08003964                OTG_FS_IRQHandler
 .text._getpid  0x08003970        0x4 ./Core/Src/syscalls.o
                0x08003970                _getpid
 .text._kill    0x08003974       0x10 ./Core/Src/syscalls.o
                0x08003974                _kill
 .text._exit    0x08003984        0xc ./Core/Src/syscalls.o
                0x08003984                _exit
 .text._read    0x08003990       0x1c ./Core/Src/syscalls.o
                0x08003990                _read
 .text._write   0x080039ac       0x1c ./Core/Src/syscalls.o
                0x080039ac                _write
 .text._close   0x080039c8        0x6 ./Core/Src/syscalls.o
                0x080039c8                _close
 .text._fstat   0x080039ce        0xa ./Core/Src/syscalls.o
                0x080039ce                _fstat
 .text._isatty  0x080039d8        0x4 ./Core/Src/syscalls.o
                0x080039d8                _isatty
 .text._lseek   0x080039dc        0x4 ./Core/Src/syscalls.o
                0x080039dc                _lseek
 .text._sbrk    0x080039e0       0x40 ./Core/Src/sysmem.o
                0x080039e0                _sbrk
 .text.SystemInit
                0x08003a20       0x14 ./Core/Src/system_stm32f4xx.o
                0x08003a20                SystemInit
 .text.Reset_Handler
                0x08003a34       0x50 ./Core/Startup/startup_stm32f411ceux.o
                0x08003a34                Reset_Handler
 .text.Default_Handler
                0x08003a84        0x2 ./Core/Startup/startup_stm32f411ceux.o
                0x08003a84                RTC_Alarm_IRQHandler
                0x08003a84                EXTI2_IRQHandler
                0x08003a84                SPI4_IRQHandler
                0x08003a84                TIM1_CC_IRQHandler
                0x08003a84                DMA2_Stream5_IRQHandler
                0x08003a84                DMA1_Stream5_IRQHandler
                0x08003a84                PVD_IRQHandler
                0x08003a84                SDIO_IRQHandler
                0x08003a84                TAMP_STAMP_IRQHandler
                0x08003a84                EXTI3_IRQHandler
                0x08003a84                TIM1_UP_TIM10_IRQHandler
                0x08003a84                I2C3_ER_IRQHandler
                0x08003a84                EXTI0_IRQHandler
                0x08003a84                I2C2_EV_IRQHandler
                0x08003a84                DMA1_Stream2_IRQHandler
                0x08003a84                FPU_IRQHandler
                0x08003a84                SPI1_IRQHandler
                0x08003a84                TIM1_BRK_TIM9_IRQHandler
                0x08003a84                DMA2_Stream3_IRQHandler
                0x08003a84                USART6_IRQHandler
                0x08003a84                TIM4_IRQHandler
                0x08003a84                DMA1_Stream6_IRQHandler
                0x08003a84                DMA1_Stream1_IRQHandler
                0x08003a84                TIM3_IRQHandler
                0x08003a84                RCC_IRQHandler
                0x08003a84                Default_Handler
                0x08003a84                EXTI15_10_IRQHandler
                0x08003a84                ADC_IRQHandler
                0x08003a84                DMA1_Stream7_IRQHandler
                0x08003a84                SPI5_IRQHandler
                0x08003a84                TIM5_IRQHandler
                0x08003a84                DMA2_Stream7_IRQHandler
                0x08003a84                I2C3_EV_IRQHandler
                0x08003a84                EXTI9_5_IRQHandler
                0x08003a84                RTC_WKUP_IRQHandler
                0x08003a84                SPI2_IRQHandler
                0x08003a84                DMA1_Stream0_IRQHandler
                0x08003a84                EXTI4_IRQHandler
                0x08003a84                WWDG_IRQHandler
                0x08003a84                OTG_FS_WKUP_IRQHandler
                0x08003a84                TIM1_TRG_COM_TIM11_IRQHandler
                0x08003a84                EXTI1_IRQHandler
                0x08003a84                USART2_IRQHandler
                0x08003a84                I2C2_ER_IRQHandler
                0x08003a84                DMA2_Stream1_IRQHandler
                0x08003a84                FLASH_IRQHandler
                0x08003a84                DMA2_Stream4_IRQHandler
                0x08003a84                USART1_IRQHandler
                0x08003a84                SPI3_IRQHandler
                0x08003a84                DMA1_Stream4_IRQHandler
                0x08003a84                DMA2_Stream6_IRQHandler
                0x08003a84                DMA1_Stream3_IRQHandler
 *fill*         0x08003a86        0x2 
 .text.HAL_InitTick
                0x08003a88       0x48 ./Drivers/STM32F4xx_HAL_Driver/Src/stm32f4xx_hal.o
                0x08003a88                HAL_InitTick
 .text.HAL_Init
                0x08003ad0       0x34 ./Drivers/STM32F4xx_HAL_Driver/Src/stm32f4xx_hal.o
                0x08003ad0                HAL_Init
 .text.HAL_IncTick
                0x08003b04       0x18 ./Drivers/STM32F4xx_HAL_Driver/Src/stm32f4xx_hal.o
                0x08003b04                HAL_IncTick
 .text.HAL_GetTick
                0x08003b1c        0xc ./Drivers/STM32F4xx_HAL_Driver/Src/stm32f4xx_hal.o
                0x08003b1c                HAL_GetTick
 .text.HAL_Delay
                0x08003b28       0x28 ./Drivers/STM32F4xx_HAL_Driver/Src/stm32f4xx_hal.o
                0x08003b28                HAL_Delay
 .text.HAL_NVIC_SetPriorityGrouping
                0x08003b50       0x24 ./Drivers/STM32F4xx_HAL_Driver/Src/stm32f4xx_hal_cortex.o
                0x08003b50                HAL_NVIC_SetPriorityGrouping
 .text.HAL_NVIC_SetPriority
                0x08003b74       0x64 ./Drivers/STM32F4xx_HAL_Driver/Src/stm32f4xx_hal_cortex.o
                0x08003b74                HAL_NVIC_SetPriority
 .text.HAL_NVIC_EnableIRQ
                0x08003bd8       0x1c ./Drivers/STM32F4xx_HAL_Driver/Src/stm32f4xx_hal_cortex.o
                0x08003bd8                HAL_NVIC_EnableIRQ
 .text.HAL_SYSTICK_Config
                0x08003bf4       0x28 ./Drivers/STM32F4xx_HAL_Driver/Src/stm32f4xx_hal_cortex.o
                0x08003bf4                HAL_SYSTICK_Config
 .text.DMA_CalcBaseAndBitshift
                0x08003c1c       0x2c ./Drivers/STM32F4xx_HAL_Driver/Src/stm32f4xx_hal_dma.o
 .text.HAL_DMA_Init
                0x08003c48       0xfc ./Drivers/STM32F4xx_HAL_Driver/Src/stm32f4xx_hal_dma.o
                0x08003c48                HAL_DMA_Init
 .text.HAL_DMA_Abort_IT
                0x08003d44       0x24 ./Drivers/STM32F4xx_HAL_Driver/Src/stm32f4xx_hal_dma.o
                0x08003d44                HAL_DMA_Abort_IT
 .text.HAL_DMA_IRQHandler
                0x08003d68      0x17c ./Drivers/STM32F4xx_HAL_Driver/Src/stm32f4xx_hal_dma.o
                0x08003d68                HAL_DMA_IRQHandler
 .text.HAL_DMA_GetState
                0x08003ee4        0x6 ./Drivers/STM32F4xx_HAL_Driver/Src/stm32f4xx_hal_dma.o
                0x08003ee4                HAL_DMA_GetState
 *fill*         0x08003eea        0x2 
 .text.HAL_GPIO_Init
                0x08003eec      0x18c ./Drivers/STM32F4xx_HAL_Driver/Src/stm32f4xx_hal_gpio.o
                0x08003eec                HAL_GPIO_Init
 .text.HAL_GPIO_WritePin
                0x08004078        0xa ./Drivers/STM32F4xx_HAL_Driver/Src/stm32f4xx_hal_gpio.o
                0x08004078                HAL_GPIO_WritePin
 .text.HAL_GPIO_TogglePin
                0x08004082       0x12 ./Drivers/STM32F4xx_HAL_Driver/Src/stm32f4xx_hal_gpio.o
                0x08004082                HAL_GPIO_TogglePin
 .text.I2C_WaitOnFlagUntilTimeout
                0x08004094       0x80 ./Drivers/STM32F4xx_HAL_Driver/Src/stm32f4xx_hal_i2c.o
 .text.HAL_I2C_Init
                0x08004114      0x150 ./Drivers/STM32F4xx_HAL_Driver/Src/stm32f4xx_hal_i2c.o
                0x08004114                HAL_I2C_Init
 .text.HAL_I2C_Master_Transmit_IT
                0x08004264       0xac ./Drivers/STM32F4xx_HAL_Driver/Src/stm32f4xx_hal_i2c.o
                0x08004264                HAL_I2C_Master_Transmit_IT
 .text.HAL_I2C_IsDeviceReady
                0x08004310      0x164 ./Drivers/STM32F4xx_HAL_Driver/Src/stm32f4xx_hal_i2c.o
                0x08004310                HAL_I2C_IsDeviceReady
 .text.HAL_I2C_MasterTxCpltCallback
                0x08004474        0x2 ./Drivers/STM32F4xx_HAL_Driver/Src/stm32f4xx_hal_i2c.o
                0x08004474                HAL_I2C_MasterTxCpltCallback
 .text.HAL_I2C_MasterRxCpltCallback
                0x08004476        0x2 ./Drivers/STM32F4xx_HAL_Driver/Src/stm32f4xx_hal_i2c.o
                0x08004476                HAL_I2C_MasterRxCpltCallback
 .text.HAL_I2C_SlaveTxCpltCallback
                0x08004478        0x2 ./Drivers/STM32F4xx_HAL_Driver/Src/stm32f4xx_hal_i2c.o
                0x08004478                HAL_I2C_SlaveTxCpltCallback
 .text.HAL_I2C_SlaveRxCpltCallback
                0x0800447a        0x2 ./Drivers/STM32F4xx_HAL_Driver/Src/stm32f4xx_hal_i2c.o
                0x0800447a                HAL_I2C_SlaveRxCpltCallback
 .text.HAL_I2C_AddrCallback
                0x0800447c        0x2 ./Drivers/STM32F4xx_HAL_Driver/Src/stm32f4xx_hal_i2c.o
                0x0800447c                HAL_I2C_AddrCallback
 .text.HAL_I2C_ListenCpltCallback
                0x0800447e        0x2 ./Drivers/STM32F4xx_HAL_Driver/Src/stm32f4xx_hal_i2c.o
                0x0800447e                HAL_I2C_ListenCpltCallback
 .text.HAL_I2C_MemTxCpltCallback
                0x08004480        0x2 ./Drivers/STM32F4xx_HAL_Driver/Src/stm32f4xx_hal_i2c.o
                0x08004480                HAL_I2C_MemTxCpltCallback
 .text.I2C_MemoryTransmit_TXE_BTF
                0x08004482       0xb0 ./Drivers/STM32F4xx_HAL_Driver/Src/stm32f4xx_hal_i2c.o
 .text.HAL_I2C_MemRxCpltCallback
                0x08004532        0x2 ./Drivers/STM32F4xx_HAL_Driver/Src/stm32f4xx_hal_i2c.o
                0x08004532                HAL_I2C_MemRxCpltCallback
 .text.HAL_I2C_ErrorCallback
                0x08004534        0x2 ./Drivers/STM32F4xx_HAL_Driver/Src/stm32f4xx_hal_i2c.o
                0x08004534                HAL_I2C_ErrorCallback
 .text.HAL_I2C_AbortCpltCallback
                0x08004536        0x2 ./Drivers/STM32F4xx_HAL_Driver/Src/stm32f4xx_hal_i2c.o
                0x08004536                HAL_I2C_AbortCpltCallback
 .text.I2C_DMAAbort
                0x08004538       0xc0 ./Drivers/STM32F4xx_HAL_Driver/Src/stm32f4xx_hal_i2c.o
 .text.I2C_ITError
                0x080045f8      0x150 ./Drivers/STM32F4xx_HAL_Driver/Src/stm32f4xx_hal_i2c.o
 .text.HAL_I2C_EV_IRQHandler
                0x08004748      0x8a0 ./Drivers/STM32F4xx_HAL_Driver/Src/stm32f4xx_hal_i2c.o
                0x08004748                HAL_I2C_EV_IRQHandler
 .text.HAL_I2C_ER_IRQHandler
                0x08004fe8      0x138 ./Drivers/STM32F4xx_HAL_Driver/Src/stm32f4xx_hal_i2c.o
                0x08004fe8                HAL_I2C_ER_IRQHandler
 .text.HAL_I2C_GetState
                0x08005120        0x6 ./Drivers/STM32F4xx_HAL_Driver/Src/stm32f4xx_hal_i2c.o
                0x08005120                HAL_I2C_GetState
 .text.HAL_PCD_Init
                0x08005126       0xde ./Drivers/STM32F4xx_HAL_Driver/Src/stm32f4xx_hal_pcd.o
                0x08005126                HAL_PCD_Init
 .text.HAL_PCD_Start
                0x08005204       0x3e ./Drivers/STM32F4xx_HAL_Driver/Src/stm32f4xx_hal_pcd.o
                0x08005204                HAL_PCD_Start
 .text.HAL_PCD_SetAddress
                0x08005242       0x26 ./Drivers/STM32F4xx_HAL_Driver/Src/stm32f4xx_hal_pcd.o
                0x08005242                HAL_PCD_SetAddress
 .text.HAL_PCD_EP_Open
                0x08005268       0x72 ./Drivers/STM32F4xx_HAL_Driver/Src/stm32f4xx_hal_pcd.o
                0x08005268                HAL_PCD_EP_Open
 .text.HAL_PCD_EP_Close
                0x080052da       0x5c ./Drivers/STM32F4xx_HAL_Driver/Src/stm32f4xx_hal_pcd.o
                0x080052da                HAL_PCD_EP_Close
 .text.HAL_PCD_EP_Receive
                0x08005336       0x3c ./Drivers/STM32F4xx_HAL_Driver/Src/stm32f4xx_hal_pcd.o
                0x08005336                HAL_PCD_EP_Receive
 .text.HAL_PCD_EP_GetRxCount
                0x08005372       0x10 ./Drivers/STM32F4xx_HAL_Driver/Src/stm32f4xx_hal_pcd.o
                0x08005372                HAL_PCD_EP_GetRxCount
 .text.HAL_PCD_EP_Transmit
                0x08005382       0x36 ./Drivers/STM32F4xx_HAL_Driver/Src/stm32f4xx_hal_pcd.o
                0x08005382                HAL_PCD_EP_Transmit
 .text.HAL_PCD_EP_SetStall
                0x080053b8       0x6e ./Drivers/STM32F4xx_HAL_Driver/Src/stm32f4xx_hal_pcd.o
                0x080053b8                HAL_PCD_EP_SetStall
 .text.HAL_PCD_EP_ClrStall
                0x08005426       0x6a ./Drivers/STM32F4xx_HAL_Driver/Src/stm32f4xx_hal_pcd.o
                0x08005426                HAL_PCD_EP_ClrStall
 .text.HAL_PCD_EP_Abort
                0x08005490       0x20 ./Drivers/STM32F4xx_HAL_Driver/Src/stm32f4xx_hal_pcd.o
                0x08005490                HAL_PCD_EP_Abort
 .text.HAL_PCD_IRQHandler
                0x080054b0      0x690 ./Drivers/STM32F4xx_HAL_Driver/Src/stm32f4xx_hal_pcd.o
                0x080054b0                HAL_PCD_IRQHandler
 .text.HAL_PCDEx_SetTxFiFo
                0x08005b40       0x3e ./Drivers/STM32F4xx_HAL_Driver/Src/stm32f4xx_hal_pcd_ex.o
                0x08005b40                HAL_PCDEx_SetTxFiFo
 .text.HAL_PCDEx_SetRxFiFo
                0x08005b7e        0x8 ./Drivers/STM32F4xx_HAL_Driver/Src/stm32f4xx_hal_pcd_ex.o
                0x08005b7e                HAL_PCDEx_SetRxFiFo
 .text.HAL_PCDEx_LPM_Callback
                0x08005b86        0x2 ./Drivers/STM32F4xx_HAL_Driver/Src/stm32f4xx_hal_pcd_ex.o
                0x08005b86                HAL_PCDEx_LPM_Callback
 .text.HAL_RCC_OscConfig
                0x08005b88      0x35c ./Drivers/STM32F4xx_HAL_Driver/Src/stm32f4xx_hal_rcc.o
                0x08005b88                HAL_RCC_OscConfig
 .text.HAL_RCC_GetSysClockFreq
                0x08005ee4       0x5c ./Drivers/STM32F4xx_HAL_Driver/Src/stm32f4xx_hal_rcc.o
                0x08005ee4                HAL_RCC_GetSysClockFreq
 .text.HAL_RCC_ClockConfig
                0x08005f40      0x134 ./Drivers/STM32F4xx_HAL_Driver/Src/stm32f4xx_hal_rcc.o
                0x08005f40                HAL_RCC_ClockConfig
 .text.HAL_RCC_GetHCLKFreq
                0x08006074        0xc ./Drivers/STM32F4xx_HAL_Driver/Src/stm32f4xx_hal_rcc.o
                0x08006074                HAL_RCC_GetHCLKFreq
 .text.HAL_RCC_GetPCLK1Freq
                0x08006080       0x20 ./Drivers/STM32F4xx_HAL_Driver/Src/stm32f4xx_hal_rcc.o
                0x08006080                HAL_RCC_GetPCLK1Freq
 .text.HAL_RCC_GetPCLK2Freq
                0x080060a0       0x20 ./Drivers/STM32F4xx_HAL_Driver/Src/stm32f4xx_hal_rcc.o
                0x080060a0                HAL_RCC_GetPCLK2Freq
 .text.HAL_RCCEx_PeriphCLKConfig
                0x080060c0      0x144 ./Drivers/STM32F4xx_HAL_Driver/Src/stm32f4xx_hal_rcc_ex.o
                0x080060c0                HAL_RCCEx_PeriphCLKConfig
 .text.HAL_RTC_WaitForSynchro
                0x08006204       0x30 ./Drivers/STM32F4xx_HAL_Driver/Src/stm32f4xx_hal_rtc.o
                0x08006204                HAL_RTC_WaitForSynchro
 .text.RTC_EnterInitMode
                0x08006234       0x42 ./Drivers/STM32F4xx_HAL_Driver/Src/stm32f4xx_hal_rtc.o
                0x08006234                RTC_EnterInitMode
 .text.RTC_ExitInitMode
                0x08006276       0x28 ./Drivers/STM32F4xx_HAL_Driver/Src/stm32f4xx_hal_rtc.o
                0x08006276                RTC_ExitInitMode
 .text.HAL_RTC_Init
                0x0800629e       0x90 ./Drivers/STM32F4xx_HAL_Driver/Src/stm32f4xx_hal_rtc.o
                0x0800629e                HAL_RTC_Init
 .text.RTC_ByteToBcd2
                0x0800632e       0x16 ./Drivers/STM32F4xx_HAL_Driver/Src/stm32f4xx_hal_rtc.o
                0x0800632e                RTC_ByteToBcd2
 .text.HAL_RTC_SetTime
                0x08006344       0xb4 ./Drivers/STM32F4xx_HAL_Driver/Src/stm32f4xx_hal_rtc.o
                0x08006344                HAL_RTC_SetTime
 .text.RTC_Bcd2ToByte
                0x080063f8       0x12 ./Drivers/STM32F4xx_HAL_Driver/Src/stm32f4xx_hal_rtc.o
                0x080063f8                RTC_Bcd2ToByte
 .text.HAL_RTC_GetTime
                0x0800640a       0x46 ./Drivers/STM32F4xx_HAL_Driver/Src/stm32f4xx_hal_rtc.o
                0x0800640a                HAL_RTC_GetTime
 .text.HAL_RTC_GetDate
                0x08006450       0x3a ./Drivers/STM32F4xx_HAL_Driver/Src/stm32f4xx_hal_rtc.o
                0x08006450                HAL_RTC_GetDate
 *fill*         0x0800648a        0x2 
 .text.SPI_WaitFlagStateUntilTimeout
                0x0800648c       0xb8 ./Drivers/STM32F4xx_HAL_Driver/Src/stm32f4xx_hal_spi.o
 .text.SPI_EndRxTxTransaction
                0x08006544       0x78 ./Drivers/STM32F4xx_HAL_Driver/Src/stm32f4xx_hal_spi.o
 .text.HAL_SPI_Init
                0x080065bc       0xb8 ./Drivers/STM32F4xx_HAL_Driver/Src/stm32f4xx_hal_spi.o
                0x080065bc                HAL_SPI_Init
 .text.HAL_SPI_Transmit
                0x08006674      0x160 ./Drivers/STM32F4xx_HAL_Driver/Src/stm32f4xx_hal_spi.o
                0x08006674                HAL_SPI_Transmit
 .text.HAL_SPI_TransmitReceive
                0x080067d4      0x1f8 ./Drivers/STM32F4xx_HAL_Driver/Src/stm32f4xx_hal_spi.o
                0x080067d4                HAL_SPI_TransmitReceive
 .text.HAL_TIM_Base_Start_IT
                0x080069cc       0x64 ./Drivers/STM32F4xx_HAL_Driver/Src/stm32f4xx_hal_tim.o
                0x080069cc                HAL_TIM_Base_Start_IT
 .text.HAL_TIM_OC_DelayElapsedCallback
                0x08006a30        0x2 ./Drivers/STM32F4xx_HAL_Driver/Src/stm32f4xx_hal_tim.o
                0x08006a30                HAL_TIM_OC_DelayElapsedCallback
 .text.HAL_TIM_IC_CaptureCallback
                0x08006a32        0x2 ./Drivers/STM32F4xx_HAL_Driver/Src/stm32f4xx_hal_tim.o
                0x08006a32                HAL_TIM_IC_CaptureCallback
 .text.HAL_TIM_PWM_PulseFinishedCallback
                0x08006a34        0x2 ./Drivers/STM32F4xx_HAL_Driver/Src/stm32f4xx_hal_tim.o
                0x08006a34                HAL_TIM_PWM_PulseFinishedCallback
 .text.HAL_TIM_TriggerCallback
                0x08006a36        0x2 ./Drivers/STM32F4xx_HAL_Driver/Src/stm32f4xx_hal_tim.o
                0x08006a36                HAL_TIM_TriggerCallback
 .text.HAL_TIM_IRQHandler
                0x08006a38      0x128 ./Drivers/STM32F4xx_HAL_Driver/Src/stm32f4xx_hal_tim.o
                0x08006a38                HAL_TIM_IRQHandler
 .text.TIM_Base_SetConfig
                0x08006b60       0x80 ./Drivers/STM32F4xx_HAL_Driver/Src/stm32f4xx_hal_tim.o
                0x08006b60                TIM_Base_SetConfig
 .text.HAL_TIM_Base_Init
                0x08006be0       0x58 ./Drivers/STM32F4xx_HAL_Driver/Src/stm32f4xx_hal_tim.o
                0x08006be0                HAL_TIM_Base_Init
 .text.TIM_ETR_SetConfig
                0x08006c38       0x14 ./Drivers/STM32F4xx_HAL_Driver/Src/stm32f4xx_hal_tim.o
                0x08006c38                TIM_ETR_SetConfig
 .text.HAL_TIM_ConfigClockSource
                0x08006c4c      0x132 ./Drivers/STM32F4xx_HAL_Driver/Src/stm32f4xx_hal_tim.o
                0x08006c4c                HAL_TIM_ConfigClockSource
 *fill*         0x08006d7e        0x2 
 .text.HAL_TIMEx_MasterConfigSynchronization
                0x08006d80       0x6c ./Drivers/STM32F4xx_HAL_Driver/Src/stm32f4xx_hal_tim_ex.o
                0x08006d80                HAL_TIMEx_MasterConfigSynchronization
 .text.HAL_TIMEx_CommutCallback
                0x08006dec        0x2 ./Drivers/STM32F4xx_HAL_Driver/Src/stm32f4xx_hal_tim_ex.o
                0x08006dec                HAL_TIMEx_CommutCallback
 .text.HAL_TIMEx_BreakCallback
                0x08006dee        0x2 ./Drivers/STM32F4xx_HAL_Driver/Src/stm32f4xx_hal_tim_ex.o
                0x08006dee                HAL_TIMEx_BreakCallback
 .text.UART_EndRxTransfer
                0x08006df0       0x5c ./Drivers/STM32F4xx_HAL_Driver/Src/stm32f4xx_hal_uart.o
 .text.UART_SetConfig
                0x08006e4c       0xbc ./Drivers/STM32F4xx_HAL_Driver/Src/stm32f4xx_hal_uart.o
 .text.UART_WaitOnFlagUntilTimeout.constprop.0
                0x08006f08       0x64 ./Drivers/STM32F4xx_HAL_Driver/Src/stm32f4xx_hal_uart.o
 .text.HAL_UART_Init
                0x08006f6c       0x5e ./Drivers/STM32F4xx_HAL_Driver/Src/stm32f4xx_hal_uart.o
                0x08006f6c                HAL_UART_Init
 .text.HAL_UART_Transmit
                0x08006fca       0x9c ./Drivers/STM32F4xx_HAL_Driver/Src/stm32f4xx_hal_uart.o
                0x08006fca                HAL_UART_Transmit
 .text.USB_CoreReset
                0x08007066       0x50 ./Drivers/STM32F4xx_HAL_Driver/Src/stm32f4xx_ll_usb.o
 .text.USB_CoreInit
                0x080070b6       0x88 ./Drivers/STM32F4xx_HAL_Driver/Src/stm32f4xx_ll_usb.o
                0x080070b6                USB_CoreInit
 *fill*         0x0800713e        0x2 
 .text.USB_SetTurnaroundTime
                0x08007140       0xe0 ./Drivers/STM32F4xx_HAL_Driver/Src/stm32f4xx_ll_usb.o
                0x08007140                USB_SetTurnaroundTime
 .text.USB_EnableGlobalInt
                0x08007220        0xc ./Drivers/STM32F4xx_HAL_Driver/Src/stm32f4xx_ll_usb.o
                0x08007220                USB_EnableGlobalInt
 .text.USB_DisableGlobalInt
                0x0800722c        0xc ./Drivers/STM32F4xx_HAL_Driver/Src/stm32f4xx_ll_usb.o
                0x0800722c                USB_DisableGlobalInt
 .text.USB_SetCurrentMode
                0x08007238       0x60 ./Drivers/STM32F4xx_HAL_Driver/Src/stm32f4xx_ll_usb.o
                0x08007238                USB_SetCurrentMode
 .text.USB_FlushTxFifo
                0x08007298       0x46 ./Drivers/STM32F4xx_HAL_Driver/Src/stm32f4xx_ll_usb.o
                0x08007298                USB_FlushTxFifo
 .text.USB_FlushRxFifo
                0x080072de       0x42 ./Drivers/STM32F4xx_HAL_Driver/Src/stm32f4xx_ll_usb.o
                0x080072de                USB_FlushRxFifo
 .text.USB_SetDevSpeed
                0x08007320        0xe ./Drivers/STM32F4xx_HAL_Driver/Src/stm32f4xx_ll_usb.o
                0x08007320                USB_SetDevSpeed
 *fill*         0x0800732e        0x2 
 .text.USB_DevInit
                0x08007330      0x174 ./Drivers/STM32F4xx_HAL_Driver/Src/stm32f4xx_ll_usb.o
                0x08007330                USB_DevInit
 .text.USB_GetDevSpeed
                0x080074a4       0x16 ./Drivers/STM32F4xx_HAL_Driver/Src/stm32f4xx_ll_usb.o
                0x080074a4                USB_GetDevSpeed
 .text.USB_ActivateEndpoint
                0x080074ba       0x7e ./Drivers/STM32F4xx_HAL_Driver/Src/stm32f4xx_ll_usb.o
                0x080074ba                USB_ActivateEndpoint
 .text.USB_DeactivateEndpoint
                0x08007538       0xac ./Drivers/STM32F4xx_HAL_Driver/Src/stm32f4xx_ll_usb.o
                0x08007538                USB_DeactivateEndpoint
 .text.USB_EPStopXfer
                0x080075e4       0x84 ./Drivers/STM32F4xx_HAL_Driver/Src/stm32f4xx_ll_usb.o
                0x080075e4                USB_EPStopXfer
 .text.USB_WritePacket
                0x08007668       0x26 ./Drivers/STM32F4xx_HAL_Driver/Src/stm32f4xx_ll_usb.o
                0x08007668                USB_WritePacket
 *fill*         0x0800768e        0x2 
 .text.USB_EPStartXfer
                0x08007690      0x204 ./Drivers/STM32F4xx_HAL_Driver/Src/stm32f4xx_ll_usb.o
                0x08007690                USB_EPStartXfer
 .text.USB_ReadPacket
                0x08007894       0x40 ./Drivers/STM32F4xx_HAL_Driver/Src/stm32f4xx_ll_usb.o
                0x08007894                USB_ReadPacket
 .text.USB_EPSetStall
                0x080078d4       0x56 ./Drivers/STM32F4xx_HAL_Driver/Src/stm32f4xx_ll_usb.o
                0x080078d4                USB_EPSetStall
 .text.USB_EPClearStall
                0x0800792a       0x52 ./Drivers/STM32F4xx_HAL_Driver/Src/stm32f4xx_ll_usb.o
                0x0800792a                USB_EPClearStall
 .text.USB_SetDevAddress
                0x0800797c       0x20 ./Drivers/STM32F4xx_HAL_Driver/Src/stm32f4xx_ll_usb.o
                0x0800797c                USB_SetDevAddress
 .text.USB_DevConnect
                0x0800799c       0x1c ./Drivers/STM32F4xx_HAL_Driver/Src/stm32f4xx_ll_usb.o
                0x0800799c                USB_DevConnect
 .text.USB_DevDisconnect
                0x080079b8       0x1c ./Drivers/STM32F4xx_HAL_Driver/Src/stm32f4xx_ll_usb.o
                0x080079b8                USB_DevDisconnect
 .text.USB_ReadInterrupts
                0x080079d4        0x8 ./Drivers/STM32F4xx_HAL_Driver/Src/stm32f4xx_ll_usb.o
                0x080079d4                USB_ReadInterrupts
 .text.USB_ReadDevAllOutEpInterrupt
                0x080079dc       0x10 ./Drivers/STM32F4xx_HAL_Driver/Src/stm32f4xx_ll_usb.o
                0x080079dc                USB_ReadDevAllOutEpInterrupt
 .text.USB_ReadDevAllInEpInterrupt
                0x080079ec       0x10 ./Drivers/STM32F4xx_HAL_Driver/Src/stm32f4xx_ll_usb.o
                0x080079ec                USB_ReadDevAllInEpInterrupt
 .text.USB_ReadDevOutEPInterrupt
                0x080079fc       0x12 ./Drivers/STM32F4xx_HAL_Driver/Src/stm32f4xx_ll_usb.o
                0x080079fc                USB_ReadDevOutEPInterrupt
 .text.USB_ReadDevInEPInterrupt
                0x08007a0e       0x22 ./Drivers/STM32F4xx_HAL_Driver/Src/stm32f4xx_ll_usb.o
                0x08007a0e                USB_ReadDevInEPInterrupt
 .text.USB_GetMode
                0x08007a30        0x8 ./Drivers/STM32F4xx_HAL_Driver/Src/stm32f4xx_ll_usb.o
                0x08007a30                USB_GetMode
 .text.USB_ActivateSetup
                0x08007a38       0x1c ./Drivers/STM32F4xx_HAL_Driver/Src/stm32f4xx_ll_usb.o
                0x08007a38                USB_ActivateSetup
 .text.USB_EP0_OutStart
                0x08007a54       0x4c ./Drivers/STM32F4xx_HAL_Driver/Src/stm32f4xx_ll_usb.o
                0x08007a54                USB_EP0_OutStart
 .text.USBD_CDC_EP0_RxReady
                0x08007aa0       0x38 ./Middlewares/ST/STM32_USB_Device_Library/Class/CDC/Src/usbd_cdc.o
 .text.USBD_CDC_GetDeviceQualifierDescriptor
                0x08007ad8        0xc ./Middlewares/ST/STM32_USB_Device_Library/Class/CDC/Src/usbd_cdc.o
                0x08007ad8                USBD_CDC_GetDeviceQualifierDescriptor
 .text.USBD_CDC_GetFSCfgDesc
                0x08007ae4       0x48 ./Middlewares/ST/STM32_USB_Device_Library/Class/CDC/Src/usbd_cdc.o
 .text.USBD_CDC_GetOtherSpeedCfgDesc
                0x08007b2c        0x4 ./Middlewares/ST/STM32_USB_Device_Library/Class/CDC/Src/usbd_cdc.o
 .text.USBD_CDC_GetHSCfgDesc
                0x08007b30       0x48 ./Middlewares/ST/STM32_USB_Device_Library/Class/CDC/Src/usbd_cdc.o
 .text.USBD_CDC_DataOut
                0x08007b78       0x38 ./Middlewares/ST/STM32_USB_Device_Library/Class/CDC/Src/usbd_cdc.o
 .text.USBD_CDC_DataIn
                0x08007bb0       0x64 ./Middlewares/ST/STM32_USB_Device_Library/Class/CDC/Src/usbd_cdc.o
 .text.USBD_CDC_Setup
                0x08007c14       0xf0 ./Middlewares/ST/STM32_USB_Device_Library/Class/CDC/Src/usbd_cdc.o
 .text.USBD_CDC_DeInit
                0x08007d04       0x60 ./Middlewares/ST/STM32_USB_Device_Library/Class/CDC/Src/usbd_cdc.o
 .text.USBD_CDC_Init
                0x08007d64       0xc8 ./Middlewares/ST/STM32_USB_Device_Library/Class/CDC/Src/usbd_cdc.o
 .text.USBD_CDC_RegisterInterface
                0x08007e2c       0x16 ./Middlewares/ST/STM32_USB_Device_Library/Class/CDC/Src/usbd_cdc.o
                0x08007e2c                USBD_CDC_RegisterInterface
 .text.USBD_CDC_SetTxBuffer
                0x08007e42       0x1c ./Middlewares/ST/STM32_USB_Device_Library/Class/CDC/Src/usbd_cdc.o
                0x08007e42                USBD_CDC_SetTxBuffer
 .text.USBD_CDC_SetRxBuffer
                0x08007e5e       0x18 ./Middlewares/ST/STM32_USB_Device_Library/Class/CDC/Src/usbd_cdc.o
                0x08007e5e                USBD_CDC_SetRxBuffer
 .text.USBD_CDC_TransmitPacket
                0x08007e76       0x36 ./Middlewares/ST/STM32_USB_Device_Library/Class/CDC/Src/usbd_cdc.o
                0x08007e76                USBD_CDC_TransmitPacket
 .text.USBD_CDC_ReceivePacket
                0x08007eac       0x2c ./Middlewares/ST/STM32_USB_Device_Library/Class/CDC/Src/usbd_cdc.o
                0x08007eac                USBD_CDC_ReceivePacket
 .text.USBD_Init
                0x08007ed8       0x26 ./Middlewares/ST/STM32_USB_Device_Library/Core/Src/usbd_core.o
                0x08007ed8                USBD_Init
 .text.USBD_RegisterClass
                0x08007efe       0x32 ./Middlewares/ST/STM32_USB_Device_Library/Core/Src/usbd_core.o
                0x08007efe                USBD_RegisterClass
 .text.USBD_Start
                0x08007f30        0x4 ./Middlewares/ST/STM32_USB_Device_Library/Core/Src/usbd_core.o
                0x08007f30                USBD_Start
 .text.USBD_SetClassConfig
                0x08007f34        0xe ./Middlewares/ST/STM32_USB_Device_Library/Core/Src/usbd_core.o
                0x08007f34                USBD_SetClassConfig
 .text.USBD_ClrClassConfig
                0x08007f42       0x12 ./Middlewares/ST/STM32_USB_Device_Library/Core/Src/usbd_core.o
                0x08007f42                USBD_ClrClassConfig
 .text.USBD_LL_SetupStage
                0x08007f54       0x60 ./Middlewares/ST/STM32_USB_Device_Library/Core/Src/usbd_core.o
                0x08007f54                USBD_LL_SetupStage
 .text.USBD_LL_DataOutStage
                0x08007fb4       0x74 ./Middlewares/ST/STM32_USB_Device_Library/Core/Src/usbd_core.o
                0x08007fb4                USBD_LL_DataOutStage
 .text.USBD_LL_DataInStage
                0x08008028       0xa8 ./Middlewares/ST/STM32_USB_Device_Library/Core/Src/usbd_core.o
                0x08008028                USBD_LL_DataInStage
 .text.USBD_LL_Reset
                0x080080d0       0x60 ./Middlewares/ST/STM32_USB_Device_Library/Core/Src/usbd_core.o
                0x080080d0                USBD_LL_Reset
 .text.USBD_LL_SetSpeed
                0x08008130        0x6 ./Middlewares/ST/STM32_USB_Device_Library/Core/Src/usbd_core.o
                0x08008130                USBD_LL_SetSpeed
 .text.USBD_LL_Suspend
                0x08008136       0x1c ./Middlewares/ST/STM32_USB_Device_Library/Core/Src/usbd_core.o
                0x08008136                USBD_LL_Suspend
 .text.USBD_LL_Resume
                0x08008152       0x16 ./Middlewares/ST/STM32_USB_Device_Library/Core/Src/usbd_core.o
                0x08008152                USBD_LL_Resume
 .text.USBD_LL_SOF
                0x08008168       0x1a ./Middlewares/ST/STM32_USB_Device_Library/Core/Src/usbd_core.o
                0x08008168                USBD_LL_SOF
 .text.USBD_LL_IsoINIncomplete
                0x08008182       0x26 ./Middlewares/ST/STM32_USB_Device_Library/Core/Src/usbd_core.o
                0x08008182                USBD_LL_IsoINIncomplete
 .text.USBD_LL_IsoOUTIncomplete
                0x080081a8       0x26 ./Middlewares/ST/STM32_USB_Device_Library/Core/Src/usbd_core.o
                0x080081a8                USBD_LL_IsoOUTIncomplete
 .text.USBD_LL_DevConnected
                0x080081ce        0x4 ./Middlewares/ST/STM32_USB_Device_Library/Core/Src/usbd_core.o
                0x080081ce                USBD_LL_DevConnected
 .text.USBD_LL_DevDisconnected
                0x080081d2       0x20 ./Middlewares/ST/STM32_USB_Device_Library/Core/Src/usbd_core.o
                0x080081d2                USBD_LL_DevDisconnected
 .text.USBD_CoreFindIF
                0x080081f2        0x4 ./Middlewares/ST/STM32_USB_Device_Library/Core/Src/usbd_core.o
                0x080081f2                USBD_CoreFindIF
 .text.USBD_CoreFindEP
                0x080081f6        0x4 ./Middlewares/ST/STM32_USB_Device_Library/Core/Src/usbd_core.o
                0x080081f6                USBD_CoreFindEP
 .text.USBD_GetEpDesc
                0x080081fa       0x24 ./Middlewares/ST/STM32_USB_Device_Library/Core/Src/usbd_core.o
                0x080081fa                USBD_GetEpDesc
 .text.USBD_CtlError.constprop.0
                0x0800821e       0x16 ./Middlewares/ST/STM32_USB_Device_Library/Core/Src/usbd_ctlreq.o
 .text.USBD_StdDevReq
                0x08008234      0x2c8 ./Middlewares/ST/STM32_USB_Device_Library/Core/Src/usbd_ctlreq.o
                0x08008234                USBD_StdDevReq
 .text.USBD_StdItfReq
                0x080084fc       0x5e ./Middlewares/ST/STM32_USB_Device_Library/Core/Src/usbd_ctlreq.o
                0x080084fc                USBD_StdItfReq
 .text.USBD_StdEPReq
                0x0800855a      0x148 ./Middlewares/ST/STM32_USB_Device_Library/Core/Src/usbd_ctlreq.o
                0x0800855a                USBD_StdEPReq
 .text.USBD_ParseSetupRequest
                0x080086a2       0x16 ./Middlewares/ST/STM32_USB_Device_Library/Core/Src/usbd_ctlreq.o
                0x080086a2                USBD_ParseSetupRequest
 .text.USBD_CtlError
                0x080086b8       0x16 ./Middlewares/ST/STM32_USB_Device_Library/Core/Src/usbd_ctlreq.o
                0x080086b8                USBD_CtlError
 .text.USBD_GetString
                0x080086ce       0x38 ./Middlewares/ST/STM32_USB_Device_Library/Core/Src/usbd_ctlreq.o
                0x080086ce                USBD_GetString
 .text.USBD_CtlSendData
                0x08008706       0x1c ./Middlewares/ST/STM32_USB_Device_Library/Core/Src/usbd_ioreq.o
                0x08008706                USBD_CtlSendData
 .text.USBD_CtlContinueSendData
                0x08008722       0x10 ./Middlewares/ST/STM32_USB_Device_Library/Core/Src/usbd_ioreq.o
                0x08008722                USBD_CtlContinueSendData
 .text.USBD_CtlPrepareRx
                0x08008732       0x22 ./Middlewares/ST/STM32_USB_Device_Library/Core/Src/usbd_ioreq.o
                0x08008732                USBD_CtlPrepareRx
 .text.USBD_CtlContinueRx
                0x08008754       0x10 ./Middlewares/ST/STM32_USB_Device_Library/Core/Src/usbd_ioreq.o
                0x08008754                USBD_CtlContinueRx
 .text.USBD_CtlSendStatus
                0x08008764       0x16 ./Middlewares/ST/STM32_USB_Device_Library/Core/Src/usbd_ioreq.o
                0x08008764                USBD_CtlSendStatus
 .text.USBD_CtlReceiveStatus
                0x0800877a       0x16 ./Middlewares/ST/STM32_USB_Device_Library/Core/Src/usbd_ioreq.o
                0x0800877a                USBD_CtlReceiveStatus
 .text.MX_USB_DEVICE_Init
                0x08008790       0x50 ./USB_DEVICE/App/usb_device.o
                0x08008790                MX_USB_DEVICE_Init
 .text.CDC_DeInit_FS
                0x080087e0        0x4 ./USB_DEVICE/App/usbd_cdc_if.o
 .text.CDC_Control_FS
                0x080087e4        0x4 ./USB_DEVICE/App/usbd_cdc_if.o
 .text.CDC_TransmitCplt_FS
                0x080087e8        0x4 ./USB_DEVICE/App/usbd_cdc_if.o
 .text.CDC_Receive_FS
                0x080087ec       0x34 ./USB_DEVICE/App/usbd_cdc_if.o
 .text.CDC_Init_FS
                0x08008820       0x28 ./USB_DEVICE/App/usbd_cdc_if.o
 .text.CDC_Transmit_FS
                0x08008848       0x2c ./USB_DEVICE/App/usbd_cdc_if.o
                0x08008848                CDC_Transmit_FS
 .text.USBD_FS_DeviceDescriptor
                0x08008874        0xc ./USB_DEVICE/App/usbd_desc.o
                0x08008874                USBD_FS_DeviceDescriptor
 .text.USBD_FS_LangIDStrDescriptor
                0x08008880        0xc ./USB_DEVICE/App/usbd_desc.o
                0x08008880                USBD_FS_LangIDStrDescriptor
 .text.IntToUnicode
                0x0800888c       0x2a ./USB_DEVICE/App/usbd_desc.o
 *fill*         0x080088b6        0x2 
 .text.USBD_FS_SerialStrDescriptor
                0x080088b8       0x3c ./USB_DEVICE/App/usbd_desc.o
                0x080088b8                USBD_FS_SerialStrDescriptor
 .text.USBD_FS_ManufacturerStrDescriptor
                0x080088f4       0x1c ./USB_DEVICE/App/usbd_desc.o
                0x080088f4                USBD_FS_ManufacturerStrDescriptor
 .text.USBD_FS_ProductStrDescriptor
                0x08008910       0x1c ./USB_DEVICE/App/usbd_desc.o
                0x08008910                USBD_FS_ProductStrDescriptor
 .text.USBD_FS_ConfigStrDescriptor
                0x0800892c       0x1c ./USB_DEVICE/App/usbd_desc.o
                0x0800892c                USBD_FS_ConfigStrDescriptor
 .text.USBD_FS_InterfaceStrDescriptor
                0x08008948       0x1c ./USB_DEVICE/App/usbd_desc.o
                0x08008948                USBD_FS_InterfaceStrDescriptor
 .text.HAL_PCD_MspInit
                0x08008964       0x84 ./USB_DEVICE/Target/usbd_conf.o
                0x08008964                HAL_PCD_MspInit
 .text.HAL_PCD_SetupStageCallback
                0x080089e8        0xc ./USB_DEVICE/Target/usbd_conf.o
                0x080089e8                HAL_PCD_SetupStageCallback
 .text.HAL_PCD_DataOutStageCallback
                0x080089f4       0x12 ./USB_DEVICE/Target/usbd_conf.o
                0x080089f4                HAL_PCD_DataOutStageCallback
 .text.HAL_PCD_DataInStageCallback
                0x08008a06       0x10 ./USB_DEVICE/Target/usbd_conf.o
                0x08008a06                HAL_PCD_DataInStageCallback
 .text.HAL_PCD_SOFCallback
                0x08008a16        0x8 ./USB_DEVICE/Target/usbd_conf.o
                0x08008a16                HAL_PCD_SOFCallback
 .text.HAL_PCD_ResetCallback
                0x08008a1e       0x24 ./USB_DEVICE/Target/usbd_conf.o
                0x08008a1e                HAL_PCD_ResetCallback
 *fill*         0x08008a42        0x2 
 .text.HAL_PCD_SuspendCallback
                0x08008a44       0x30 ./USB_DEVICE/Target/usbd_conf.o
                0x08008a44                HAL_PCD_SuspendCallback
 .text.HAL_PCD_ResumeCallback
                0x08008a74        0x8 ./USB_DEVICE/Target/usbd_conf.o
                0x08008a74                HAL_PCD_ResumeCallback
 .text.HAL_PCD_ISOOUTIncompleteCallback
                0x08008a7c        0x8 ./USB_DEVICE/Target/usbd_conf.o
                0x08008a7c                HAL_PCD_ISOOUTIncompleteCallback
 .text.HAL_PCD_ISOINIncompleteCallback
                0x08008a84        0x8 ./USB_DEVICE/Target/usbd_conf.o
                0x08008a84                HAL_PCD_ISOINIncompleteCallback
 .text.HAL_PCD_ConnectCallback
                0x08008a8c        0x8 ./USB_DEVICE/Target/usbd_conf.o
                0x08008a8c                HAL_PCD_ConnectCallback
 .text.HAL_PCD_DisconnectCallback
                0x08008a94        0x8 ./USB_DEVICE/Target/usbd_conf.o
                0x08008a94                HAL_PCD_DisconnectCallback
 .text.USBD_LL_Init
                0x08008a9c       0x5c ./USB_DEVICE/Target/usbd_conf.o
                0x08008a9c                USBD_LL_Init
 .text.USBD_LL_IsStallEP
                0x08008af8       0x24 ./USB_DEVICE/Target/usbd_conf.o
                0x08008af8                USBD_LL_IsStallEP
 .text.USBD_LL_GetRxDataSize
                0x08008b1c        0x8 ./USB_DEVICE/Target/usbd_conf.o
                0x08008b1c                USBD_LL_GetRxDataSize
 .text.USBD_static_malloc
                0x08008b24        0x8 ./USB_DEVICE/Target/usbd_conf.o
                0x08008b24                USBD_static_malloc
 .text.USBD_static_free
                0x08008b2c        0x2 ./USB_DEVICE/Target/usbd_conf.o
                0x08008b2c                USBD_static_free
 .text.USBD_Get_USB_Status
                0x08008b2e        0xc ./USB_DEVICE/Target/usbd_conf.o
                0x08008b2e                USBD_Get_USB_Status
 .text.USBD_LL_Start
                0x08008b3a       0x12 ./USB_DEVICE/Target/usbd_conf.o
                0x08008b3a                USBD_LL_Start
 .text.USBD_LL_OpenEP
                0x08008b4c       0x18 ./USB_DEVICE/Target/usbd_conf.o
                0x08008b4c                USBD_LL_OpenEP
 .text.USBD_LL_CloseEP
                0x08008b64       0x12 ./USB_DEVICE/Target/usbd_conf.o
                0x08008b64                USBD_LL_CloseEP
 .text.USBD_LL_StallEP
                0x08008b76       0x12 ./USB_DEVICE/Target/usbd_conf.o
                0x08008b76                USBD_LL_StallEP
 .text.USBD_LL_ClearStallEP
                0x08008b88       0x12 ./USB_DEVICE/Target/usbd_conf.o
                0x08008b88                USBD_LL_ClearStallEP
 .text.USBD_LL_SetUSBAddress
                0x08008b9a       0x12 ./USB_DEVICE/Target/usbd_conf.o
                0x08008b9a                USBD_LL_SetUSBAddress
 .text.USBD_LL_Transmit
                0x08008bac       0x12 ./USB_DEVICE/Target/usbd_conf.o
                0x08008bac                USBD_LL_Transmit
 .text.USBD_LL_PrepareReceive
                0x08008bbe       0x12 ./USB_DEVICE/Target/usbd_conf.o
                0x08008bbe                USBD_LL_PrepareReceive
 .text.rand     0x08008bd0       0x7c /opt/st/stm32cubeide_1.19.0/plugins/com.st.stm32cube.ide.mcu.externaltools.gnu-tools-for-stm32.13.3.rel1.linux64_1.0.0.202410170706/tools/bin/../lib/gcc/arm-none-eabi/13.3.1/../../../../arm-none-eabi/lib/thumb/v7e-m+fp/hard/libc_nano.a(libc_a-rand.o)
                0x08008bd0                rand
 .text.std      0x08008c4c       0x6c /opt/st/stm32cubeide_1.19.0/plugins/com.st.stm32cube.ide.mcu.externaltools.gnu-tools-for-stm32.13.3.rel1.linux64_1.0.0.202410170706/tools/bin/../lib/gcc/arm-none-eabi/13.3.1/../../../../arm-none-eabi/lib/thumb/v7e-m+fp/hard/libc_nano.a(libc_a-findfp.o)
 .text.stdio_exit_handler
                0x08008cb8       0x18 /opt/st/stm32cubeide_1.19.0/plugins/com.st.stm32cube.ide.mcu.externaltools.gnu-tools-for-stm32.13.3.rel1.linux64_1.0.0.202410170706/tools/bin/../lib/gcc/arm-none-eabi/13.3.1/../../../../arm-none-eabi/lib/thumb/v7e-m+fp/hard/libc_nano.a(libc_a-findfp.o)
 .text.cleanup_stdio
                0x08008cd0       0x40 /opt/st/stm32cubeide_1.19.0/plugins/com.st.stm32cube.ide.mcu.externaltools.gnu-tools-for-stm32.13.3.rel1.linux64_1.0.0.202410170706/tools/bin/../lib/gcc/arm-none-eabi/13.3.1/../../../../arm-none-eabi/lib/thumb/v7e-m+fp/hard/libc_nano.a(libc_a-findfp.o)
 .text.global_stdio_init.part.0
                0x08008d10       0x3c /opt/st/stm32cubeide_1.19.0/plugins/com.st.stm32cube.ide.mcu.externaltools.gnu-tools-for-stm32.13.3.rel1.linux64_1.0.0.202410170706/tools/bin/../lib/gcc/arm-none-eabi/13.3.1/../../../../arm-none-eabi/lib/thumb/v7e-m+fp/hard/libc_nano.a(libc_a-findfp.o)
 .text.__sfp_lock_acquire
                0x08008d4c        0xc /opt/st/stm32cubeide_1.19.0/plugins/com.st.stm32cube.ide.mcu.externaltools.gnu-tools-for-stm32.13.3.rel1.linux64_1.0.0.202410170706/tools/bin/../lib/gcc/arm-none-eabi/13.3.1/../../../../arm-none-eabi/lib/thumb/v7e-m+fp/hard/libc_nano.a(libc_a-findfp.o)
                0x08008d4c                __sfp_lock_acquire
 .text.__sfp_lock_release
                0x08008d58        0xc /opt/st/stm32cubeide_1.19.0/plugins/com.st.stm32cube.ide.mcu.externaltools.gnu-tools-for-stm32.13.3.rel1.linux64_1.0.0.202410170706/tools/bin/../lib/gcc/arm-none-eabi/13.3.1/../../../../arm-none-eabi/lib/thumb/v7e-m+fp/hard/libc_nano.a(libc_a-findfp.o)
                0x08008d58                __sfp_lock_release
 .text.__sinit  0x08008d64       0x30 /opt/st/stm32cubeide_1.19.0/plugins/com.st.stm32cube.ide.mcu.externaltools.gnu-tools-for-stm32.13.3.rel1.linux64_1.0.0.202410170706/tools/bin/../lib/gcc/arm-none-eabi/13.3.1/../../../../arm-none-eabi/lib/thumb/v7e-m+fp/hard/libc_nano.a(libc_a-findfp.o)
                0x08008d64                __sinit
 .text._fwalk_sglue
                0x08008d94       0x3c /opt/st/stm32cubeide_1.19.0/plugins/com.st.stm32cube.ide.mcu.externaltools.gnu-tools-for-stm32.13.3.rel1.linux64_1.0.0.202410170706/tools/bin/../lib/gcc/arm-none-eabi/13.3.1/../../../../arm-none-eabi/lib/thumb/v7e-m+fp/hard/libc_nano.a(libc_a-fwalk.o)
                0x08008d94                _fwalk_sglue
 .text.printf   0x08008dd0       0x24 /opt/st/stm32cubeide_1.19.0/plugins/com.st.stm32cube.ide.mcu.externaltools.gnu-tools-for-stm32.13.3.rel1.linux64_1.0.0.202410170706/tools/bin/../lib/gcc/arm-none-eabi/13.3.1/../../../../arm-none-eabi/lib/thumb/v7e-m+fp/hard/libc_nano.a(libc_a-printf.o)
                0x08008dd0                printf
                0x08008dd0                iprintf
 .text._puts_r  0x08008df4       0xaa /opt/st/stm32cubeide_1.19.0/plugins/com.st.stm32cube.ide.mcu.externaltools.gnu-tools-for-stm32.13.3.rel1.linux64_1.0.0.202410170706/tools/bin/../lib/gcc/arm-none-eabi/13.3.1/../../../../arm-none-eabi/lib/thumb/v7e-m+fp/hard/libc_nano.a(libc_a-puts.o)
                0x08008df4                _puts_r
 *fill*         0x08008e9e        0x2 
 .text.puts     0x08008ea0       0x10 /opt/st/stm32cubeide_1.19.0/plugins/com.st.stm32cube.ide.mcu.externaltools.gnu-tools-for-stm32.13.3.rel1.linux64_1.0.0.202410170706/tools/bin/../lib/gcc/arm-none-eabi/13.3.1/../../../../arm-none-eabi/lib/thumb/v7e-m+fp/hard/libc_nano.a(libc_a-puts.o)
                0x08008ea0                puts
 .text.sprintf  0x08008eb0       0x44 /opt/st/stm32cubeide_1.19.0/plugins/com.st.stm32cube.ide.mcu.externaltools.gnu-tools-for-stm32.13.3.rel1.linux64_1.0.0.202410170706/tools/bin/../lib/gcc/arm-none-eabi/13.3.1/../../../../arm-none-eabi/lib/thumb/v7e-m+fp/hard/libc_nano.a(libc_a-sprintf.o)
                0x08008eb0                sprintf
                0x08008eb0                siprintf
 .text.__sread  0x08008ef4       0x22 /opt/st/stm32cubeide_1.19.0/plugins/com.st.stm32cube.ide.mcu.externaltools.gnu-tools-for-stm32.13.3.rel1.linux64_1.0.0.202410170706/tools/bin/../lib/gcc/arm-none-eabi/13.3.1/../../../../arm-none-eabi/lib/thumb/v7e-m+fp/hard/libc_nano.a(libc_a-stdio.o)
                0x08008ef4                __sread
 .text.__swrite
                0x08008f16       0x38 /opt/st/stm32cubeide_1.19.0/plugins/com.st.stm32cube.ide.mcu.externaltools.gnu-tools-for-stm32.13.3.rel1.linux64_1.0.0.202410170706/tools/bin/../lib/gcc/arm-none-eabi/13.3.1/../../../../arm-none-eabi/lib/thumb/v7e-m+fp/hard/libc_nano.a(libc_a-stdio.o)
                0x08008f16                __swrite
 .text.__sseek  0x08008f4e       0x24 /opt/st/stm32cubeide_1.19.0/plugins/com.st.stm32cube.ide.mcu.externaltools.gnu-tools-for-stm32.13.3.rel1.linux64_1.0.0.202410170706/tools/bin/../lib/gcc/arm-none-eabi/13.3.1/../../../../arm-none-eabi/lib/thumb/v7e-m+fp/hard/libc_nano.a(libc_a-stdio.o)
                0x08008f4e                __sseek
 .text.__sclose
                0x08008f72        0x8 /opt/st/stm32cubeide_1.19.0/plugins/com.st.stm32cube.ide.mcu.externaltools.gnu-tools-for-stm32.13.3.rel1.linux64_1.0.0.202410170706/tools/bin/../lib/gcc/arm-none-eabi/13.3.1/../../../../arm-none-eabi/lib/thumb/v7e-m+fp/hard/libc_nano.a(libc_a-stdio.o)
                0x08008f72                __sclose
 .text.__swbuf_r
                0x08008f7a       0x7c /opt/st/stm32cubeide_1.19.0/plugins/com.st.stm32cube.ide.mcu.externaltools.gnu-tools-for-stm32.13.3.rel1.linux64_1.0.0.202410170706/tools/bin/../lib/gcc/arm-none-eabi/13.3.1/../../../../arm-none-eabi/lib/thumb/v7e-m+fp/hard/libc_nano.a(libc_a-wbuf.o)
                0x08008f7a                __swbuf_r
 *fill*         0x08008ff6        0x2 
 .text.__swsetup_r
                0x08008ff8       0xac /opt/st/stm32cubeide_1.19.0/plugins/com.st.stm32cube.ide.mcu.externaltools.gnu-tools-for-stm32.13.3.rel1.linux64_1.0.0.202410170706/tools/bin/../lib/gcc/arm-none-eabi/13.3.1/../../../../arm-none-eabi/lib/thumb/v7e-m+fp/hard/libc_nano.a(libc_a-wsetup.o)
                0x08008ff8                __swsetup_r
 .text.memset   0x080090a4       0x10 /opt/st/stm32cubeide_1.19.0/plugins/com.st.stm32cube.ide.mcu.externaltools.gnu-tools-for-stm32.13.3.rel1.linux64_1.0.0.202410170706/tools/bin/../lib/gcc/arm-none-eabi/13.3.1/../../../../arm-none-eabi/lib/thumb/v7e-m+fp/hard/libc_nano.a(libc_a-memset.o)
                0x080090a4                memset
 .text._close_r
                0x080090b4       0x20 /opt/st/stm32cubeide_1.19.0/plugins/com.st.stm32cube.ide.mcu.externaltools.gnu-tools-for-stm32.13.3.rel1.linux64_1.0.0.202410170706/tools/bin/../lib/gcc/arm-none-eabi/13.3.1/../../../../arm-none-eabi/lib/thumb/v7e-m+fp/hard/libc_nano.a(libc_a-closer.o)
                0x080090b4                _close_r
 .text._lseek_r
                0x080090d4       0x24 /opt/st/stm32cubeide_1.19.0/plugins/com.st.stm32cube.ide.mcu.externaltools.gnu-tools-for-stm32.13.3.rel1.linux64_1.0.0.202410170706/tools/bin/../lib/gcc/arm-none-eabi/13.3.1/../../../../arm-none-eabi/lib/thumb/v7e-m+fp/hard/libc_nano.a(libc_a-lseekr.o)
                0x080090d4                _lseek_r
 .text._read_r  0x080090f8       0x24 /opt/st/stm32cubeide_1.19.0/plugins/com.st.stm32cube.ide.mcu.externaltools.gnu-tools-for-stm32.13.3.rel1.linux64_1.0.0.202410170706/tools/bin/../lib/gcc/arm-none-eabi/13.3.1/../../../../arm-none-eabi/lib/thumb/v7e-m+fp/hard/libc_nano.a(libc_a-readr.o)
                0x080090f8                _read_r
 .text._write_r
                0x0800911c       0x24 /opt/st/stm32cubeide_1.19.0/plugins/com.st.stm32cube.ide.mcu.externaltools.gnu-tools-for-stm32.13.3.rel1.linux64_1.0.0.202410170706/tools/bin/../lib/gcc/arm-none-eabi/13.3.1/../../../../arm-none-eabi/lib/thumb/v7e-m+fp/hard/libc_nano.a(libc_a-writer.o)
                0x0800911c                _write_r
 .text.__errno  0x08009140        0xc /opt/st/stm32cubeide_1.19.0/plugins/com.st.stm32cube.ide.mcu.externaltools.gnu-tools-for-stm32.13.3.rel1.linux64_1.0.0.202410170706/tools/bin/../lib/gcc/arm-none-eabi/13.3.1/../../../../arm-none-eabi/lib/thumb/v7e-m+fp/hard/libc_nano.a(libc_a-errno.o)
                0x08009140                __errno
 .text.__libc_init_array
                0x0800914c       0x48 /opt/st/stm32cubeide_1.19.0/plugins/com.st.stm32cube.ide.mcu.externaltools.gnu-tools-for-stm32.13.3.rel1.linux64_1.0.0.202410170706/tools/bin/../lib/gcc/arm-none-eabi/13.3.1/../../../../arm-none-eabi/lib/thumb/v7e-m+fp/hard/libc_nano.a(libc_a-init.o)
                0x0800914c                __libc_init_array
 .text.__retarget_lock_init_recursive
                0x08009194        0x2 /opt/st/stm32cubeide_1.19.0/plugins/com.st.stm32cube.ide.mcu.externaltools.gnu-tools-for-stm32.13.3.rel1.linux64_1.0.0.202410170706/tools/bin/../lib/gcc/arm-none-eabi/13.3.1/../../../../arm-none-eabi/lib/thumb/v7e-m+fp/hard/libc_nano.a(libc_a-lock.o)
                0x08009194                __retarget_lock_init_recursive
 .text.__retarget_lock_acquire_recursive
                0x08009196        0x2 /opt/st/stm32cubeide_1.19.0/plugins/com.st.stm32cube.ide.mcu.externaltools.gnu-tools-for-stm32.13.3.rel1.linux64_1.0.0.202410170706/tools/bin/../lib/gcc/arm-none-eabi/13.3.1/../../../../arm-none-eabi/lib/thumb/v7e-m+fp/hard/libc_nano.a(libc_a-lock.o)
                0x08009196                __retarget_lock_acquire_recursive
 .text.__retarget_lock_release_recursive
                0x08009198        0x2 /opt/st/stm32cubeide_1.19.0/plugins/com.st.stm32cube.ide.mcu.externaltools.gnu-tools-for-stm32.13.3.rel1.linux64_1.0.0.202410170706/tools/bin/../lib/gcc/arm-none-eabi/13.3.1/../../../../arm-none-eabi/lib/thumb/v7e-m+fp/hard/libc_nano.a(libc_a-lock.o)
                0x08009198                __retarget_lock_release_recursive
 .text.strcpy   0x0800919a       0x10 /opt/st/stm32cubeide_1.19.0/plugins/com.st.stm32cube.ide.mcu.externaltools.gnu-tools-for-stm32.13.3.rel1.linux64_1.0.0.202410170706/tools/bin/../lib/gcc/arm-none-eabi/13.3.1/../../../../arm-none-eabi/lib/thumb/v7e-m+fp/hard/libc_nano.a(libc_a-strcpy.o)
                0x0800919a                strcpy
 .text.memcpy   0x080091aa       0x1c /opt/st/stm32cubeide_1.19.0/plugins/com.st.stm32cube.ide.mcu.externaltools.gnu-tools-for-stm32.13.3.rel1.linux64_1.0.0.202410170706/tools/bin/../lib/gcc/arm-none-eabi/13.3.1/../../../../arm-none-eabi/lib/thumb/v7e-m+fp/hard/libc_nano.a(libc_a-memcpy-stub.o)
                0x080091aa                memcpy
 *fill*         0x080091c6        0x2 
 .text.__assert_func
                0x080091c8       0x3c /opt/st/stm32cubeide_1.19.0/plugins/com.st.stm32cube.ide.mcu.externaltools.gnu-tools-for-stm32.13.3.rel1.linux64_1.0.0.202410170706/tools/bin/../lib/gcc/arm-none-eabi/13.3.1/../../../../arm-none-eabi/lib/thumb/v7e-m+fp/hard/libc_nano.a(libc_a-assert.o)
                0x080091c8                __assert_func
 .text._free_r  0x08009204       0x94 /opt/st/stm32cubeide_1.19.0/plugins/com.st.stm32cube.ide.mcu.externaltools.gnu-tools-for-stm32.13.3.rel1.linux64_1.0.0.202410170706/tools/bin/../lib/gcc/arm-none-eabi/13.3.1/../../../../arm-none-eabi/lib/thumb/v7e-m+fp/hard/libc_nano.a(libc_a-freer.o)
                0x08009204                _free_r
 .text.malloc   0x08009298       0x10 /opt/st/stm32cubeide_1.19.0/plugins/com.st.stm32cube.ide.mcu.externaltools.gnu-tools-for-stm32.13.3.rel1.linux64_1.0.0.202410170706/tools/bin/../lib/gcc/arm-none-eabi/13.3.1/../../../../arm-none-eabi/lib/thumb/v7e-m+fp/hard/libc_nano.a(libc_a-malloc.o)
                0x08009298                malloc
 .text.sbrk_aligned
                0x080092a8       0x44 /opt/st/stm32cubeide_1.19.0/plugins/com.st.stm32cube.ide.mcu.externaltools.gnu-tools-for-stm32.13.3.rel1.linux64_1.0.0.202410170706/tools/bin/../lib/gcc/arm-none-eabi/13.3.1/../../../../arm-none-eabi/lib/thumb/v7e-m+fp/hard/libc_nano.a(libc_a-mallocr.o)
 .text._malloc_r
                0x080092ec      0x100 /opt/st/stm32cubeide_1.19.0/plugins/com.st.stm32cube.ide.mcu.externaltools.gnu-tools-for-stm32.13.3.rel1.linux64_1.0.0.202410170706/tools/bin/../lib/gcc/arm-none-eabi/13.3.1/../../../../arm-none-eabi/lib/thumb/v7e-m+fp/hard/libc_nano.a(libc_a-mallocr.o)
                0x080092ec                _malloc_r
 .text.__malloc_lock
                0x080093ec        0xc /opt/st/stm32cubeide_1.19.0/plugins/com.st.stm32cube.ide.mcu.externaltools.gnu-tools-for-stm32.13.3.rel1.linux64_1.0.0.202410170706/tools/bin/../lib/gcc/arm-none-eabi/13.3.1/../../../../arm-none-eabi/lib/thumb/v7e-m+fp/hard/libc_nano.a(libc_a-mlock.o)
                0x080093ec                __malloc_lock
 .text.__malloc_unlock
                0x080093f8        0xc /opt/st/stm32cubeide_1.19.0/plugins/com.st.stm32cube.ide.mcu.externaltools.gnu-tools-for-stm32.13.3.rel1.linux64_1.0.0.202410170706/tools/bin/../lib/gcc/arm-none-eabi/13.3.1/../../../../arm-none-eabi/lib/thumb/v7e-m+fp/hard/libc_nano.a(libc_a-mlock.o)
                0x080093f8                __malloc_unlock
 .text.__ssputs_r
                0x08009404       0xb6 /opt/st/stm32cubeide_1.19.0/plugins/com.st.stm32cube.ide.mcu.externaltools.gnu-tools-for-stm32.13.3.rel1.linux64_1.0.0.202410170706/tools/bin/../lib/gcc/arm-none-eabi/13.3.1/../../../../arm-none-eabi/lib/thumb/v7e-m+fp/hard/libc_nano.a(libc_a-nano-svfprintf.o)
                0x08009404                __ssputs_r
 *fill*         0x080094ba        0x2 
 .text._svfprintf_r
                0x080094bc      0x1f8 /opt/st/stm32cubeide_1.19.0/plugins/com.st.stm32cube.ide.mcu.externaltools.gnu-tools-for-stm32.13.3.rel1.linux64_1.0.0.202410170706/tools/bin/../lib/gcc/arm-none-eabi/13.3.1/../../../../arm-none-eabi/lib/thumb/v7e-m+fp/hard/libc_nano.a(libc_a-nano-svfprintf.o)
                0x080094bc                _svfprintf_r
                0x080094bc                _svfiprintf_r
 .text.__sfputc_r
                0x080096b4       0x2e /opt/st/stm32cubeide_1.19.0/plugins/com.st.stm32cube.ide.mcu.externaltools.gnu-tools-for-stm32.13.3.rel1.linux64_1.0.0.202410170706/tools/bin/../lib/gcc/arm-none-eabi/13.3.1/../../../../arm-none-eabi/lib/thumb/v7e-m+fp/hard/libc_nano.a(libc_a-nano-vfprintf.o)
 .text.__sfputs_r
                0x080096e2       0x24 /opt/st/stm32cubeide_1.19.0/plugins/com.st.stm32cube.ide.mcu.externaltools.gnu-tools-for-stm32.13.3.rel1.linux64_1.0.0.202410170706/tools/bin/../lib/gcc/arm-none-eabi/13.3.1/../../../../arm-none-eabi/lib/thumb/v7e-m+fp/hard/libc_nano.a(libc_a-nano-vfprintf.o)
                0x080096e2                __sfputs_r
 *fill*         0x08009706        0x2 
 .text._vfprintf_r
                0x08009708      0x230 /opt/st/stm32cubeide_1.19.0/plugins/com.st.stm32cube.ide.mcu.externaltools.gnu-tools-for-stm32.13.3.rel1.linux64_1.0.0.202410170706/tools/bin/../lib/gcc/arm-none-eabi/13.3.1/../../../../arm-none-eabi/lib/thumb/v7e-m+fp/hard/libc_nano.a(libc_a-nano-vfprintf.o)
                0x08009708                _vfiprintf_r
                0x08009708                _vfprintf_r
 .text._printf_common
                0x08009938       0xda /opt/st/stm32cubeide_1.19.0/plugins/com.st.stm32cube.ide.mcu.externaltools.gnu-tools-for-stm32.13.3.rel1.linux64_1.0.0.202410170706/tools/bin/../lib/gcc/arm-none-eabi/13.3.1/../../../../arm-none-eabi/lib/thumb/v7e-m+fp/hard/libc_nano.a(libc_a-nano-vfprintf_i.o)
                0x08009938                _printf_common
 *fill*         0x08009a12        0x2 
 .text._printf_i
                0x08009a14      0x23c /opt/st/stm32cubeide_1.19.0/plugins/com.st.stm32cube.ide.mcu.externaltools.gnu-tools-for-stm32.13.3.rel1.linux64_1.0.0.202410170706/tools/bin/../lib/gcc/arm-none-eabi/13.3.1/../../../../arm-none-eabi/lib/thumb/v7e-m+fp/hard/libc_nano.a(libc_a-nano-vfprintf_i.o)
                0x08009a14                _printf_i
 .text.__sflush_r
                0x08009c50      0x108 /opt/st/stm32cubeide_1.19.0/plugins/com.st.stm32cube.ide.mcu.externaltools.gnu-tools-for-stm32.13.3.rel1.linux64_1.0.0.202410170706/tools/bin/../lib/gcc/arm-none-eabi/13.3.1/../../../../arm-none-eabi/lib/thumb/v7e-m+fp/hard/libc_nano.a(libc_a-fflush.o)
                0x08009c50                __sflush_r
 .text._fflush_r
                0x08009d58       0x50 /opt/st/stm32cubeide_1.19.0/plugins/com.st.stm32cube.ide.mcu.externaltools.gnu-tools-for-stm32.13.3.rel1.linux64_1.0.0.202410170706/tools/bin/../lib/gcc/arm-none-eabi/13.3.1/../../../../arm-none-eabi/lib/thumb/v7e-m+fp/hard/libc_nano.a(libc_a-fflush.o)
                0x08009d58                _fflush_r
 .text.fprintf  0x08009da8       0x24 /opt/st/stm32cubeide_1.19.0/plugins/com.st.stm32cube.ide.mcu.externaltools.gnu-tools-for-stm32.13.3.rel1.linux64_1.0.0.202410170706/tools/bin/../lib/gcc/arm-none-eabi/13.3.1/../../../../arm-none-eabi/lib/thumb/v7e-m+fp/hard/libc_nano.a(libc_a-fprintf.o)
                0x08009da8                fprintf
                0x08009da8                fiprintf
 .text.__swhatbuf_r
                0x08009dcc       0x4c /opt/st/stm32cubeide_1.19.0/plugins/com.st.stm32cube.ide.mcu.externaltools.gnu-tools-for-stm32.13.3.rel1.linux64_1.0.0.202410170706/tools/bin/../lib/gcc/arm-none-eabi/13.3.1/../../../../arm-none-eabi/lib/thumb/v7e-m+fp/hard/libc_nano.a(libc_a-makebuf.o)
                0x08009dcc                __swhatbuf_r
 .text.__smakebuf_r
                0x08009e18       0x78 /opt/st/stm32cubeide_1.19.0/plugins/com.st.stm32cube.ide.mcu.externaltools.gnu-tools-for-stm32.13.3.rel1.linux64_1.0.0.202410170706/tools/bin/../lib/gcc/arm-none-eabi/13.3.1/../../../../arm-none-eabi/lib/thumb/v7e-m+fp/hard/libc_nano.a(libc_a-makebuf.o)
                0x08009e18                __smakebuf_r
 .text.memmove  0x08009e90       0x34 /opt/st/stm32cubeide_1.19.0/plugins/com.st.stm32cube.ide.mcu.externaltools.gnu-tools-for-stm32.13.3.rel1.linux64_1.0.0.202410170706/tools/bin/../lib/gcc/arm-none-eabi/13.3.1/../../../../arm-none-eabi/lib/thumb/v7e-m+fp/hard/libc_nano.a(libc_a-memmove.o)
                0x08009e90                memmove
 .text._fstat_r
                0x08009ec4       0x24 /opt/st/stm32cubeide_1.19.0/plugins/com.st.stm32cube.ide.mcu.externaltools.gnu-tools-for-stm32.13.3.rel1.linux64_1.0.0.202410170706/tools/bin/../lib/gcc/arm-none-eabi/13.3.1/../../../../arm-none-eabi/lib/thumb/v7e-m+fp/hard/libc_nano.a(libc_a-fstatr.o)
                0x08009ec4                _fstat_r
 .text._isatty_r
                0x08009ee8       0x20 /opt/st/stm32cubeide_1.19.0/plugins/com.st.stm32cube.ide.mcu.externaltools.gnu-tools-for-stm32.13.3.rel1.linux64_1.0.0.202410170706/tools/bin/../lib/gcc/arm-none-eabi/13.3.1/../../../../arm-none-eabi/lib/thumb/v7e-m+fp/hard/libc_nano.a(libc_a-isattyr.o)
                0x08009ee8                _isatty_r
 .text._sbrk_r  0x08009f08       0x20 /opt/st/stm32cubeide_1.19.0/plugins/com.st.stm32cube.ide.mcu.externaltools.gnu-tools-for-stm32.13.3.rel1.linux64_1.0.0.202410170706/tools/bin/../lib/gcc/arm-none-eabi/13.3.1/../../../../arm-none-eabi/lib/thumb/v7e-m+fp/hard/libc_nano.a(libc_a-sbrkr.o)
                0x08009f08                _sbrk_r
 .text.abort    0x08009f28        0xe /opt/st/stm32cubeide_1.19.0/plugins/com.st.stm32cube.ide.mcu.externaltools.gnu-tools-for-stm32.13.3.rel1.linux64_1.0.0.202410170706/tools/bin/../lib/gcc/arm-none-eabi/13.3.1/../../../../arm-none-eabi/lib/thumb/v7e-m+fp/hard/libc_nano.a(libc_a-abort.o)
                0x08009f28                abort
 .text._realloc_r
                0x08009f36       0x5c /opt/st/stm32cubeide_1.19.0/plugins/com.st.stm32cube.ide.mcu.externaltools.gnu-tools-for-stm32.13.3.rel1.linux64_1.0.0.202410170706/tools/bin/../lib/gcc/arm-none-eabi/13.3.1/../../../../arm-none-eabi/lib/thumb/v7e-m+fp/hard/libc_nano.a(libc_a-reallocr.o)
                0x08009f36                _realloc_r
 .text._raise_r
                0x08009f92       0x50 /opt/st/stm32cubeide_1.19.0/plugins/com.st.stm32cube.ide.mcu.externaltools.gnu-tools-for-stm32.13.3.rel1.linux64_1.0.0.202410170706/tools/bin/../lib/gcc/arm-none-eabi/13.3.1/../../../../arm-none-eabi/lib/thumb/v7e-m+fp/hard/libc_nano.a(libc_a-signal.o)
                0x08009f92                _raise_r
 *fill*         0x08009fe2        0x2 
 .text.raise    0x08009fe4       0x10 /opt/st/stm32cubeide_1.19.0/plugins/com.st.stm32cube.ide.mcu.externaltools.gnu-tools-for-stm32.13.3.rel1.linux64_1.0.0.202410170706/tools/bin/../lib/gcc/arm-none-eabi/13.3.1/../../../../arm-none-eabi/lib/thumb/v7e-m+fp/hard/libc_nano.a(libc_a-signal.o)
                0x08009fe4                raise
 .text._kill_r  0x08009ff4       0x24 /opt/st/stm32cubeide_1.19.0/plugins/com.st.stm32cube.ide.mcu.externaltools.gnu-tools-for-stm32.13.3.rel1.linux64_1.0.0.202410170706/tools/bin/../lib/gcc/arm-none-eabi/13.3.1/../../../../arm-none-eabi/lib/thumb/v7e-m+fp/hard/libc_nano.a(libc_a-signalr.o)
                0x08009ff4                _kill_r
 .text._getpid_r
                0x0800a018        0x4 /opt/st/stm32cubeide_1.19.0/plugins/com.st.stm32cube.ide.mcu.externaltools.gnu-tools-for-stm32.13.3.rel1.linux64_1.0.0.202410170706/tools/bin/../lib/gcc/arm-none-eabi/13.3.1/../../../../arm-none-eabi/lib/thumb/v7e-m+fp/hard/libc_nano.a(libc_a-signalr.o)
                0x0800a018                _getpid_r
 .text._malloc_usable_size_r
                0x0800a01c       0x10 /opt/st/stm32cubeide_1.19.0/plugins/com.st.stm32cube.ide.mcu.externaltools.gnu-tools-for-stm32.13.3.rel1.linux64_1.0.0.202410170706/tools/bin/../lib/gcc/arm-none-eabi/13.3.1/../../../../arm-none-eabi/lib/thumb/v7e-m+fp/hard/libc_nano.a(libc_a-msizer.o)
                0x0800a01c                _malloc_usable_size_r
 *(.glue_7)
 .glue_7        0x0800a02c        0x0 linker stubs
 *(.glue_7t)
 .glue_7t       0x0800a02c        0x0 linker stubs
 *(.eh_frame)
 .eh_frame      0x0800a02c        0x0 /opt/st/stm32cubeide_1.19.0/plugins/com.st.stm32cube.ide.mcu.externaltools.gnu-tools-for-stm32.13.3.rel1.linux64_1.0.0.202410170706/tools/bin/../lib/gcc/arm-none-eabi/13.3.1/thumb/v7e-m+fp/hard/crtbegin.o
 *(.init)
 .init          0x0800a02c        0x4 /opt/st/stm32cubeide_1.19.0/plugins/com.st.stm32cube.ide.mcu.externaltools.gnu-tools-for-stm32.13.3.rel1.linux64_1.0.0.202410170706/tools/bin/../lib/gcc/arm-none-eabi/13.3.1/thumb/v7e-m+fp/hard/crti.o
                0x0800a02c                _init
 .init          0x0800a030        0x8 /opt/st/stm32cubeide_1.19.0/plugins/com.st.stm32cube.ide.mcu.externaltools.gnu-tools-for-stm32.13.3.rel1.linux64_1.0.0.202410170706/tools/bin/../lib/gcc/arm-none-eabi/13.3.1/thumb/v7e-m+fp/hard/crtn.o
 *(.fini)
 .fini          0x0800a038        0x4 /opt/st/stm32cubeide_1.19.0/plugins/com.st.stm32cube.ide.mcu.externaltools.gnu-tools-for-stm32.13.3.rel1.linux64_1.0.0.202410170706/tools/bin/../lib/gcc/arm-none-eabi/13.3.1/thumb/v7e-m+fp/hard/crti.o
                0x0800a038                _fini
 .fini          0x0800a03c        0x8 /opt/st/stm32cubeide_1.19.0/plugins/com.st.stm32cube.ide.mcu.externaltools.gnu-tools-for-stm32.13.3.rel1.linux64_1.0.0.202410170706/tools/bin/../lib/gcc/arm-none-eabi/13.3.1/thumb/v7e-m+fp/hard/crtn.o
                0x0800a044                        . = ALIGN (0x4)
                0x0800a044                        _etext = .

.vfp11_veneer   0x0800a044        0x0
 .vfp11_veneer  0x0800a044        0x0 linker stubs

.v4_bx          0x0800a044        0x0
 .v4_bx         0x0800a044        0x0 linker stubs

.iplt           0x0800a044        0x0
 .iplt          0x0800a044        0x0 /opt/st/stm32cubeide_1.19.0/plugins/com.st.stm32cube.ide.mcu.externaltools.gnu-tools-for-stm32.13.3.rel1.linux64_1.0.0.202410170706/tools/bin/../lib/gcc/arm-none-eabi/13.3.1/thumb/v7e-m+fp/hard/crtbegin.o

.rodata         0x0800a044      0x308
                0x0800a044                        . = ALIGN (0x4)
 *(.rodata)
 .rodata        0x0800a044       0x60 ./Core/Src/main.o
 *(.rodata*)
 .rodata.lcd_start.str1.1
                0x0800a0a4      0x211 ./Core/Src/main.o
                                 0x1c (size before relaxing)
 .rodata.lcd_menu_vars.str1.1
                0x0800a2b5       0xbc ./Core/Src/main.o
 .rodata.settings_storage.str1.1
                0x0800a2b5       0x19 ./Core/Src/main.o
 .rodata.main.str1.1
                0x0800a2b5        0xe ./Core/Src/main.o
 .rodata.drum_list
                0x0800a2b5       0x10 ./Core/Src/main.o
                0x0800a2b5                drum_list
 .rodata.square_buttons_list
                0x0800a2c5       0x64 ./Core/Src/main.o
                0x0800a2c5                square_buttons_list
 .rodata.APBPrescTable
                0x0800a329        0x8 ./Core/Src/system_stm32f4xx.o
                0x0800a329                APBPrescTable
 .rodata.AHBPrescTable
                0x0800a331       0x10 ./Core/Src/system_stm32f4xx.o
                0x0800a331                AHBPrescTable
 .rodata.flagBitshiftOffset.0
                0x0800a341        0x8 ./Drivers/STM32F4xx_HAL_Driver/Src/stm32f4xx_hal_dma.o
 .rodata.USBD_FS_ManufacturerStrDescriptor.str1.1
                0x0800a349       0x13 ./USB_DEVICE/App/usbd_desc.o
 .rodata.USBD_FS_ProductStrDescriptor.str1.1
                0x0800a349       0x16 ./USB_DEVICE/App/usbd_desc.o
 .rodata.USBD_FS_ConfigStrDescriptor.str1.1
                0x0800a349        0xb ./USB_DEVICE/App/usbd_desc.o
 .rodata.USBD_FS_InterfaceStrDescriptor.str1.1
                0x0800a349        0xe ./USB_DEVICE/App/usbd_desc.o
 .rodata.srand.str1.1
                0x0800a349       0x6f /opt/st/stm32cubeide_1.19.0/plugins/com.st.stm32cube.ide.mcu.externaltools.gnu-tools-for-stm32.13.3.rel1.linux64_1.0.0.202410170706/tools/bin/../lib/gcc/arm-none-eabi/13.3.1/../../../../arm-none-eabi/lib/thumb/v7e-m+fp/hard/libc_nano.a(libc_a-rand.o)
 .rodata.__assert_func.str1.1
                0x0800a349       0x3d /opt/st/stm32cubeide_1.19.0/plugins/com.st.stm32cube.ide.mcu.externaltools.gnu-tools-for-stm32.13.3.rel1.linux64_1.0.0.202410170706/tools/bin/../lib/gcc/arm-none-eabi/13.3.1/../../../../arm-none-eabi/lib/thumb/v7e-m+fp/hard/libc_nano.a(libc_a-assert.o)
 .rodata._svfprintf_r.str1.1
                0x0800a349       0x11 /opt/st/stm32cubeide_1.19.0/plugins/com.st.stm32cube.ide.mcu.externaltools.gnu-tools-for-stm32.13.3.rel1.linux64_1.0.0.202410170706/tools/bin/../lib/gcc/arm-none-eabi/13.3.1/../../../../arm-none-eabi/lib/thumb/v7e-m+fp/hard/libc_nano.a(libc_a-nano-svfprintf.o)
 .rodata._vfprintf_r.str1.1
                0x0800a349       0x11 /opt/st/stm32cubeide_1.19.0/plugins/com.st.stm32cube.ide.mcu.externaltools.gnu-tools-for-stm32.13.3.rel1.linux64_1.0.0.202410170706/tools/bin/../lib/gcc/arm-none-eabi/13.3.1/../../../../arm-none-eabi/lib/thumb/v7e-m+fp/hard/libc_nano.a(libc_a-nano-vfprintf.o)
 .rodata._printf_i.str1.1
                0x0800a349       0x22 /opt/st/stm32cubeide_1.19.0/plugins/com.st.stm32cube.ide.mcu.externaltools.gnu-tools-for-stm32.13.3.rel1.linux64_1.0.0.202410170706/tools/bin/../lib/gcc/arm-none-eabi/13.3.1/../../../../arm-none-eabi/lib/thumb/v7e-m+fp/hard/libc_nano.a(libc_a-nano-vfprintf_i.o)
                0x0800a3b8                        . = ALIGN (0x4)
 *fill*         0x0800a349        0x3 

.ARM.extab      0x0800a34c        0x0
                0x0800a34c                        . = ALIGN (0x4)
 *(.ARM.extab* .gnu.linkonce.armextab.*)
                0x0800a34c                        . = ALIGN (0x4)

.ARM            0x0800a34c        0x8
                0x0800a34c                        . = ALIGN (0x4)
                0x0800a34c                        __exidx_start = .
 *(.ARM.exidx*)
 .ARM.exidx     0x0800a34c        0x8 /opt/st/stm32cubeide_1.19.0/plugins/com.st.stm32cube.ide.mcu.externaltools.gnu-tools-for-stm32.13.3.rel1.linux64_1.0.0.202410170706/tools/bin/../lib/gcc/arm-none-eabi/13.3.1/../../../../arm-none-eabi/lib/thumb/v7e-m+fp/hard/libc_nano.a(libc_a-strlen.o)
 .ARM.exidx     0x0800a354        0x0 /opt/st/stm32cubeide_1.19.0/plugins/com.st.stm32cube.ide.mcu.externaltools.gnu-tools-for-stm32.13.3.rel1.linux64_1.0.0.202410170706/tools/bin/../lib/gcc/arm-none-eabi/13.3.1/../../../../arm-none-eabi/lib/thumb/v7e-m+fp/hard/libc_nano.a(libc_a-memchr.o)
                                  0x8 (size before relaxing)
 .ARM.exidx     0x0800a354        0x0 /opt/st/stm32cubeide_1.19.0/plugins/com.st.stm32cube.ide.mcu.externaltools.gnu-tools-for-stm32.13.3.rel1.linux64_1.0.0.202410170706/tools/bin/../lib/gcc/arm-none-eabi/13.3.1/thumb/v7e-m+fp/hard/libgcc.a(_udivmoddi4.o)
                                  0x8 (size before relaxing)
                0x0800a354                        __exidx_end = .
                0x0800a354                        . = ALIGN (0x4)

.rel.dyn        0x0800a354        0x0
 .rel.iplt      0x0800a354        0x0 /opt/st/stm32cubeide_1.19.0/plugins/com.st.stm32cube.ide.mcu.externaltools.gnu-tools-for-stm32.13.3.rel1.linux64_1.0.0.202410170706/tools/bin/../lib/gcc/arm-none-eabi/13.3.1/thumb/v7e-m+fp/hard/crtbegin.o

.preinit_array  0x0800a354        0x0
                0x0800a354                        . = ALIGN (0x4)
                0x0800a354                        PROVIDE (__preinit_array_start = .)
 *(.preinit_array*)
                0x0800a354                        PROVIDE (__preinit_array_end = .)
                0x0800a354                        . = ALIGN (0x4)

.init_array     0x0800a354        0x4
                0x0800a354                        . = ALIGN (0x4)
                0x0800a354                        PROVIDE (__init_array_start = .)
 *(SORT_BY_NAME(.init_array.*))
 *(.init_array*)
 .init_array    0x0800a354        0x4 /opt/st/stm32cubeide_1.19.0/plugins/com.st.stm32cube.ide.mcu.externaltools.gnu-tools-for-stm32.13.3.rel1.linux64_1.0.0.202410170706/tools/bin/../lib/gcc/arm-none-eabi/13.3.1/thumb/v7e-m+fp/hard/crtbegin.o
                0x0800a358                        PROVIDE (__init_array_end = .)
                0x0800a358                        . = ALIGN (0x4)

.fini_array     0x0800a358        0x4
                0x0800a358                        . = ALIGN (0x4)
                [!provide]                        PROVIDE (__fini_array_start = .)
 *(SORT_BY_NAME(.fini_array.*))
 *(.fini_array*)
 .fini_array    0x0800a358        0x4 /opt/st/stm32cubeide_1.19.0/plugins/com.st.stm32cube.ide.mcu.externaltools.gnu-tools-for-stm32.13.3.rel1.linux64_1.0.0.202410170706/tools/bin/../lib/gcc/arm-none-eabi/13.3.1/thumb/v7e-m+fp/hard/crtbegin.o
                [!provide]                        PROVIDE (__fini_array_end = .)
                0x0800a35c                        . = ALIGN (0x4)
                0x0800a35c                        _sidata = LOADADDR (.data)

.data           0x20000000      0x2c0 load address 0x0800a35c
                0x20000000                        . = ALIGN (0x4)
                0x20000000                        _sdata = .
 *(.data)
 *(.data*)
 .data.lcd_delay
                0x20000000       0x14 ./Core/Src/main.o
                0x20000000                lcd_delay
 .data.lcd_init
                0x20000014       0x14 ./Core/Src/main.o
                0x20000014                lcd_init
 .data.fx_map_64
                0x20000028       0x10 ./Core/Src/main.o
                0x20000028                fx_map_64
 .data.fx_map_8
                0x20000038       0x10 ./Core/Src/main.o
                0x20000038                fx_map_8
 .data.fx_map_1
                0x20000048       0x10 ./Core/Src/main.o
                0x20000048                fx_map_1
 .data.bar_map_looping
                0x20000058        0x2 ./Core/Src/main.o
                0x20000058                bar_map_looping
 .data.fx_pot_values
                0x2000005a       0x20 ./Core/Src/main.o
                0x2000005a                fx_pot_values
 .data.fx_pot_settings
                0x2000007a       0x10 ./Core/Src/main.o
                0x2000007a                fx_pot_settings
 .data.bar_map_screen_level
                0x2000008a        0x1 ./Core/Src/main.o
                0x2000008a                bar_map_screen_level
 .data.bar_map_64
                0x2000008b       0x10 ./Core/Src/main.o
                0x2000008b                bar_map_64
 .data.bar_map_8
                0x2000009b       0x10 ./Core/Src/main.o
                0x2000009b                bar_map_8
 .data.bar_map_1
                0x200000ab       0x10 ./Core/Src/main.o
                0x200000ab                bar_map_1
 .data.control_change_value
                0x200000bb        0x1 ./Core/Src/main.o
                0x200000bb                control_change_value
 .data.nrpn_gating_sequence
                0x200000bc       0x10 ./Core/Src/main.o
                0x200000bc                nrpn_gating_sequence
 .data.note_accent
                0x200000cc       0x10 ./Core/Src/main.o
                0x200000cc                note_accent
 .data.midi_channel_list
                0x200000dc       0x15 ./Core/Src/main.o
                0x200000dc                midi_channel_list
 .data.all_update
                0x200000f1        0x1 ./Core/Src/main.o
                0x200000f1                all_update
 .data.pot_states
                0x200000f2       0x10 ./Core/Src/main.o
                0x200000f2                pot_states
 .data.button_states
                0x20000102       0x64 ./Core/Src/main.o
                0x20000102                button_states
 .data.timer_value
                0x20000166        0x2 ./Core/Src/main.o
                0x20000166                timer_value
 .data.seq_pos_mem
                0x20000168        0x2 ./Core/Src/main.o
                0x20000168                seq_pos_mem
 .data.led_clear
                0x2000016a        0x1 ./Core/Src/main.o
                0x2000016a                led_clear
 *fill*         0x2000016b        0x1 
 .data.SystemCoreClock
                0x2000016c        0x4 ./Core/Src/system_stm32f4xx.o
                0x2000016c                SystemCoreClock
 .data.uwTickFreq
                0x20000170        0x1 ./Drivers/STM32F4xx_HAL_Driver/Src/stm32f4xx_hal.o
                0x20000170                uwTickFreq
 *fill*         0x20000171        0x3 
 .data.uwTickPrio
                0x20000174        0x4 ./Drivers/STM32F4xx_HAL_Driver/Src/stm32f4xx_hal.o
                0x20000174                uwTickPrio
 .data.USBD_CDC_CfgDesc
                0x20000178       0x43 ./Middlewares/ST/STM32_USB_Device_Library/Class/CDC/Src/usbd_cdc.o
 *fill*         0x200001bb        0x1 
 .data.USBD_CDC
                0x200001bc       0x38 ./Middlewares/ST/STM32_USB_Device_Library/Class/CDC/Src/usbd_cdc.o
                0x200001bc                USBD_CDC
 .data.USBD_CDC_DeviceQualifierDesc
                0x200001f4        0xa ./Middlewares/ST/STM32_USB_Device_Library/Class/CDC/Src/usbd_cdc.o
 *fill*         0x200001fe        0x2 
 .data.USBD_Interface_fops_FS
                0x20000200       0x14 ./USB_DEVICE/App/usbd_cdc_if.o
                0x20000200                USBD_Interface_fops_FS
 .data.USBD_StringSerial
                0x20000214       0x1a ./USB_DEVICE/App/usbd_desc.o
                0x20000214                USBD_StringSerial